routes: 68 flagged: 67 -> /Users/hao/WebstormProjects/web_tools/audit/raw/crawl_390_light.json
- /favorites 200 console: [] err: [] failed: ['https://hm.baidu.com/hm.gif?hca=6E102B25C2BC8609&cc=1&ck=1&cl=24-bit&ds=390x844&vl=844&ep=983%2C983&et=3&ja=0&ln=en-us&lo=0&rnd=1921685573&si=46ab2beec5b808b1fc'] overflowX: False
- /recent 200 console: [] err: [] failed: ['https://hm.baidu.com/hm.gif?hca=6E102B25C2BC8609&cc=1&ck=1&cl=24-bit&ds=390x844&vl=844&ep=1006%2C1006&et=3&ja=0&ln=en-us&lo=0&lt=1789965931&rnd=1746479879&si=46'] overflowX: False
- /settings 200 console: [] err: [] failed: ['https://hm.baidu.com/hm.gif?hca=6E102B25C2BC8609&cc=1&ck=1&cl=24-bit&ds=390x844&vl=844&ep=988%2C988&et=3&ja=0&ln=en-us&lo=0&lt=1789965931&rnd=957582299&si=46ab2'] overflowX: False
- /privacy 200 console: [] err: [] failed: ['https://hm.baidu.com/hm.gif?hca=6E102B25C2BC8609&cc=1&ck=1&cl=24-bit&ds=390x844&vl=844&ep=1038%2C1038&et=3&ja=0&ln=en-us&lo=0&lt=1789965931&rnd=1606044777&si=46'] overflowX: False
- /help 200 console: [] err: [] failed: ['https://hm.baidu.com/hm.gif?hca=6E102B25C2BC8609&cc=1&ck=1&cl=24-bit&ds=390x844&vl=844&ep=965%2C965&et=3&ja=0&ln=en-us&lo=0&lt=1789965931&rnd=1143987329&si=46ab'] overflowX: False
- /offline 200 console: [] err: [] failed: ['https://hm.baidu.com/hm.gif?hca=6E102B25C2BC8609&cc=1&ck=1&cl=24-bit&ds=390x844&vl=844&ep=971%2C971&et=3&ja=0&ln=en-us&lo=0&lt=1789965931&rnd=78895375&si=46ab2b'] overflowX: False
- /workflows 200 console: [] err: [] failed: ['https://hm.baidu.com/hm.gif?hca=6E102B25C2BC8609&cc=1&ck=1&cl=24-bit&ds=390x844&vl=844&ep=1029%2C1029&et=3&ja=0&ln=en-us&lo=0&lt=1789965931&rnd=1115212031&si=46'] overflowX: False
- /workflows/wf-order-snapshot 200 console: [] err: [] failed: ['https://hm.baidu.com/hm.gif?hca=6E102B25C2BC8609&cc=1&ck=1&cl=24-bit&ds=390x844&vl=844&ep=954%2C954&et=3&ja=0&ln=en-us&lo=0&lt=1789965931&rnd=1600288514&si=46ab'] overflowX: False
- /workflows/wf-config-convert 200 console: [] err: [] failed: ['https://hm.baidu.com/hm.gif?hca=6E102B25C2BC8609&cc=1&ck=1&cl=24-bit&ds=390x844&vl=844&ep=954%2C953&et=3&ja=0&ln=en-us&lo=0&lt=1789965931&rnd=2081465263&si=46ab'] overflowX: False
- /workflows/wf-response-check 200 console: [] err: [] failed: ['https://hm.baidu.com/hm.gif?hca=6E102B25C2BC8609&cc=1&ck=1&cl=24-bit&ds=390x844&vl=844&ep=1275%2C1275&et=3&ja=0&ln=en-us&lo=0&lt=1789965931&rnd=943490189&si=46a'] overflowX: False
- /tools/does-not-exist 404 console: ['error: Failed to load resource: the server responded with a status of 404 (Not Found)', 'warning: [h3] Please prefer using `message` for longer error messages instead of `statusMessage`. In the future, `statusMessage` will be sanitized by default.'] err: [] failed: ['https://hm.baidu.com/hm.gif?hca=6E102B25C2BC8609&cc=1&ck=1&cl=24-bit&ds=390x844&vl=844&ep=996%2C996&et=3&ja=0&ln=en-us&lo=0&lt=1789965931&rnd=1536366319&si=46ab'] overflowX: False
- /category/nope 404 console: ['error: Failed to load resource: the server responded with a status of 404 (Not Found)', 'warning: [h3] Please prefer using `message` for longer error messages instead of `statusMessage`. In the future, `statusMessage` will be sanitized by default.'] err: [] failed: ['https://hm.baidu.com/hm.gif?hca=6E102B25C2BC8609&cc=1&ck=1&cl=24-bit&ds=390x844&vl=844&ep=963%2C963&et=3&ja=0&ln=en-us&lo=0&lt=1789965931&rnd=2043453333&si=46ab'] overflowX: False
- /nope 404 console: ['error: Failed to load resource: the server responded with a status of 404 (Not Found)', 'error: [NUXT_E1005]'] err: [] failed: ['https://hm.baidu.com/hm.gif?hca=6E102B25C2BC8609&cc=1&ck=1&cl=24-bit&ds=390x844&vl=844&ep=979%2C979&et=3&ja=0&ln=en-us&lo=0&lt=1789965931&rnd=2145311685&si=46ab'] overflowX: False
- /workflows/nope 404 console: ['error: Failed to load resource: the server responded with a status of 404 (Not Found)', 'warning: [h3] Please prefer using `message` for longer error messages instead of `statusMessage`. In the future, `statusMessage` will be sanitized by default.'] err: [] failed: ['https://hm.baidu.com/hm.gif?hca=6E102B25C2BC8609&cc=1&ck=1&cl=24-bit&ds=390x844&vl=844&ep=975%2C975&et=3&ja=0&ln=en-us&lo=0&lt=1789965931&rnd=593038965&si=46ab2'] overflowX: False
- /tools/json-format 200 console: [] err: [] failed: ['https://hm.baidu.com/hm.gif?hca=6E102B25C2BC8609&cc=1&ck=1&cl=24-bit&ds=390x844&vl=844&ep=954%2C954&et=3&ja=0&ln=en-us&lo=0&lt=1789965931&rnd=2017323934&si=46ab'] overflowX: False
- /tools/json-diff 200 console: [] err: [] failed: ['https://hm.baidu.com/hm.gif?hca=6E102B25C2BC8609&cc=1&ck=1&cl=24-bit&ds=390x844&vl=844&ep=950%2C950&et=3&ja=0&ln=en-us&lo=0&lt=1789965931&rnd=693235509&si=46ab2'] overflowX: False
- /tools/json-yaml 200 console: [] err: [] failed: ['https://hm.baidu.com/hm.gif?hca=6E102B25C2BC8609&cc=1&ck=1&cl=24-bit&ds=390x844&vl=844&ep=958%2C958&et=3&ja=0&ln=en-us&lo=0&lt=1789965931&rnd=1384857322&si=46ab'] overflowX: False
- /tools/csv-json 200 console: [] err: [] failed: ['https://hm.baidu.com/hm.gif?hca=6E102B25C2BC8609&cc=1&ck=1&cl=24-bit&ds=390x844&vl=844&ep=961%2C961&et=3&ja=0&ln=en-us&lo=0&lt=1789965931&rnd=1899307532&si=46ab'] overflowX: False
- /tools/sql-format 200 console: [] err: [] failed: ['https://hm.baidu.com/hm.gif?hca=6E102B25C2BC8609&cc=1&ck=1&cl=24-bit&ds=390x844&vl=844&ep=972%2C972&et=3&ja=0&ln=en-us&lo=0&lt=1789965931&rnd=21926768&si=46ab2b'] overflowX: False
- /tools/xml-toolbox 200 console: [] err: [] failed: ['https://hm.baidu.com/hm.gif?hca=6E102B25C2BC8609&cc=1&ck=1&cl=24-bit&ds=390x844&vl=844&ep=965%2C965&et=3&ja=0&ln=en-us&lo=0&lt=1789965931&rnd=709861728&si=46ab2'] overflowX: False
- /tools/jsonpath-query 200 console: [] err: [] failed: ['https://hm.baidu.com/hm.gif?hca=6E102B25C2BC8609&cc=1&ck=1&cl=24-bit&ds=390x844&vl=844&ep=955%2C955&et=3&ja=0&ln=en-us&lo=0&lt=1789965931&rnd=312670492&si=46ab2'] overflowX: False
- /tools/json-schema 200 console: [] err: [] failed: ['https://hm.baidu.com/hm.gif?hca=6E102B25C2BC8609&cc=1&ck=1&cl=24-bit&ds=390x844&vl=844&ep=968%2C968&et=3&ja=0&ln=en-us&lo=0&lt=1789965931&rnd=540302112&si=46ab2'] overflowX: False
- /tools/base64 200 console: [] err: [] failed: ['https://hm.baidu.com/hm.gif?hca=6E102B25C2BC8609&cc=1&ck=1&cl=24-bit&ds=390x844&vl=844&ep=967%2C967&et=3&ja=0&ln=en-us&lo=0&lt=1789965931&rnd=2136901372&si=46ab'] overflowX: False
- /tools/url-encode 200 console: [] err: [] failed: ['https://hm.baidu.com/hm.gif?hca=6E102B25C2BC8609&cc=1&ck=1&cl=24-bit&ds=390x844&vl=844&ep=951%2C950&et=3&ja=0&ln=en-us&lo=0&lt=1789965931&rnd=2077249788&si=46ab'] overflowX: False
- /tools/unicode-bytes 200 console: [] err: [] failed: ['https://hm.baidu.com/hm.gif?hca=6E102B25C2BC8609&cc=1&ck=1&cl=24-bit&ds=390x844&vl=844&ep=964%2C964&et=3&ja=0&ln=en-us&lo=0&lt=1789965931&rnd=415675175&si=46ab2'] overflowX: False
- /tools/text-dedup 200 console: [] err: [] failed: ['https://hm.baidu.com/hm.gif?hca=6E102B25C2BC8609&cc=1&ck=1&cl=24-bit&ds=390x844&vl=844&ep=948%2C948&et=3&ja=0&ln=en-us&lo=0&lt=1789965931&rnd=19811356&si=46ab2b'] overflowX: False
- /tools/case-convert 200 console: [] err: [] failed: ['https://hm.baidu.com/hm.gif?hca=6E102B25C2BC8609&cc=1&ck=1&cl=24-bit&ds=390x844&vl=844&ep=949%2C949&et=3&ja=0&ln=en-us&lo=0&lt=1789965931&rnd=18939525&si=46ab2b'] overflowX: False
- /tools/text-diff 200 console: [] err: [] failed: ['https://hm.baidu.com/hm.gif?hca=6E102B25C2BC8609&cc=1&ck=1&cl=24-bit&ds=390x844&vl=844&ep=947%2C947&et=3&ja=0&ln=en-us&lo=0&lt=1789965931&rnd=1485542697&si=46ab'] overflowX: False
- /tools/regex-test 200 console: [] err: [] failed: ['https://hm.baidu.com/hm.gif?hca=6E102B25C2BC8609&cc=1&ck=1&cl=24-bit&ds=390x844&vl=844&ep=986%2C986&et=3&ja=0&ln=en-us&lo=0&lt=1789965931&rnd=1885416151&si=46ab'] overflowX: False
- /tools/md5-sha 200 console: [] err: [] failed: ['https://hm.baidu.com/hm.gif?hca=6E102B25C2BC8609&cc=1&ck=1&cl=24-bit&ds=390x844&vl=844&ep=953%2C953&et=3&ja=0&ln=en-us&lo=0&lt=1789965931&rnd=1979385256&si=46ab'] overflowX: False
- /tools/hmac 200 console: [] err: [] failed: ['https://hm.baidu.com/hm.gif?hca=6E102B25C2BC8609&cc=1&ck=1&cl=24-bit&ds=390x844&vl=844&ep=961%2C961&et=3&ja=0&ln=en-us&lo=0&lt=1789965931&rnd=508880490&si=46ab2'] overflowX: False
- /tools/aes 200 console: [] err: [] failed: ['https://hm.baidu.com/hm.gif?hca=6E102B25C2BC8609&cc=1&ck=1&cl=24-bit&ds=390x844&vl=844&ep=947%2C947&et=3&ja=0&ln=en-us&lo=0&lt=1789965931&rnd=147890918&si=46ab2'] overflowX: False
- /tools/sm2 200 console: [] err: [] failed: ['https://hm.baidu.com/hm.gif?hca=6E102B25C2BC8609&cc=1&ck=1&cl=24-bit&ds=390x844&vl=844&ep=956%2C956&et=3&ja=0&ln=en-us&lo=0&lt=1789965931&rnd=152721307&si=46ab2'] overflowX: False
- /tools/sm3 200 console: [] err: [] failed: ['https://hm.baidu.com/hm.gif?hca=6E102B25C2BC8609&cc=1&ck=1&cl=24-bit&ds=390x844&vl=844&ep=959%2C959&et=3&ja=0&ln=en-us&lo=0&lt=1789965931&rnd=1294097403&si=46ab'] overflowX: False
- /tools/sm4 200 console: [] err: [] failed: ['https://hm.baidu.com/hm.gif?hca=6E102B25C2BC8609&cc=1&ck=1&cl=24-bit&ds=390x844&vl=844&ep=953%2C953&et=3&ja=0&ln=en-us&lo=0&lt=1789965931&rnd=695158511&si=46ab2'] overflowX: False
- /tools/timestamp 200 console: [] err: [] failed: ['https://hm.baidu.com/hm.gif?hca=6E102B25C2BC8609&cc=1&ck=1&cl=24-bit&ds=390x844&vl=844&ep=966%2C966&et=3&ja=0&ln=en-us&lo=0&lt=1789965931&rnd=1718008104&si=46ab'] overflowX: False
- /tools/uuid 200 console: [] err: [] failed: ['https://hm.baidu.com/hm.gif?hca=6E102B25C2BC8609&cc=1&ck=1&cl=24-bit&ds=390x844&vl=844&ep=990%2C990&et=3&ja=0&ln=en-us&lo=0&lt=1789965931&rnd=731161024&si=46ab2'] overflowX: False
- /tools/cron 200 console: [] err: [] failed: ['https://hm.baidu.com/hm.gif?hca=6E102B25C2BC8609&cc=1&ck=1&cl=24-bit&ds=390x844&vl=844&ep=954%2C954&et=3&ja=0&ln=en-us&lo=0&lt=1789965931&rnd=675300192&si=46ab2'] overflowX: False
- /tools/date-diff 200 console: [] err: [] failed: ['https://hm.baidu.com/hm.gif?hca=6E102B25C2BC8609&cc=1&ck=1&cl=24-bit&ds=390x844&vl=844&ep=951%2C951&et=3&ja=0&ln=en-us&lo=0&lt=1789965931&rnd=271687868&si=46ab2'] overflowX: False
- /tools/json2java 200 console: [] err: [] failed: ['https://hm.baidu.com/hm.gif?hca=6E102B25C2BC8609&cc=1&ck=1&cl=24-bit&ds=390x844&vl=844&ep=953%2C953&et=3&ja=0&ln=en-us&lo=0&lt=1789965931&rnd=1821632528&si=46ab'] overflowX: False
- /tools/java-escape 200 console: [] err: [] failed: ['https://hm.baidu.com/hm.gif?hca=6E102B25C2BC8609&cc=1&ck=1&cl=24-bit&ds=390x844&vl=844&ep=959%2C959&et=3&ja=0&ln=en-us&lo=0&lt=1789965931&rnd=376701377&si=46ab2'] overflowX: False
- /tools/properties-yaml 200 console: [] err: [] failed: ['https://hm.baidu.com/hm.gif?hca=6E102B25C2BC8609&cc=1&ck=1&cl=24-bit&ds=390x844&vl=844&ep=1541%2C1541&et=3&ja=0&ln=en-us&lo=0&lt=1789965931&rnd=335660455&si=46a'] overflowX: False
- /tools/stack-trace 200 console: [] err: [] failed: ['https://hm.baidu.com/hm.gif?hca=6E102B25C2BC8609&cc=1&ck=1&cl=24-bit&ds=390x844&vl=844&ep=955%2C955&et=3&ja=0&ln=en-us&lo=0&lt=1789965931&rnd=1432447702&si=46ab'] overflowX: False
- /tools/maven-gradle 200 console: [] err: [] failed: ['https://hm.baidu.com/hm.gif?hca=6E102B25C2BC8609&cc=1&ck=1&cl=24-bit&ds=390x844&vl=844&ep=978%2C978&et=3&ja=0&ln=en-us&lo=0&lt=1789965931&rnd=1787103768&si=46ab'] overflowX: False
- /tools/json2ts 200 console: [] err: [] failed: ['https://hm.baidu.com/hm.gif?hca=6E102B25C2BC8609&cc=1&ck=1&cl=24-bit&ds=390x844&vl=844&ep=996%2C996&et=3&ja=0&ln=en-us&lo=0&lt=1789965931&rnd=804441110&si=46ab2'] overflowX: False
- /tools/vue-sfc 200 console: [] err: [] failed: ['https://hm.baidu.com/hm.gif?hca=6E102B25C2BC8609&cc=1&ck=1&cl=24-bit&ds=390x844&vl=844&ep=967%2C967&et=3&ja=0&ln=en-us&lo=0&lt=1789965931&rnd=1571346453&si=46ab'] overflowX: False
- /tools/css-units 200 console: [] err: [] failed: ['https://hm.baidu.com/hm.gif?hca=6E102B25C2BC8609&cc=1&ck=1&cl=24-bit&ds=390x844&vl=844&ep=951%2C951&et=3&ja=0&ln=en-us&lo=0&lt=1789965931&rnd=1175888291&si=46ab'] overflowX: False
- /tools/color 200 console: [] err: [] failed: ['https://hm.baidu.com/hm.gif?hca=6E102B25C2BC8609&cc=1&ck=1&cl=24-bit&ds=390x844&vl=844&ep=1005%2C1005&et=3&ja=0&ln=en-us&lo=0&lt=1789965931&rnd=1035886757&si=46'] overflowX: False
- /tools/svg 200 console: [] err: [] failed: ['https://hm.baidu.com/hm.gif?hca=6E102B25C2BC8609&cc=1&ck=1&cl=24-bit&ds=390x844&vl=844&ep=954%2C954&et=3&ja=0&ln=en-us&lo=0&lt=1789965931&rnd=733430438&si=46ab2'] overflowX: False
- /tools/html-format 200 console: [] err: [] failed: ['https://hm.baidu.com/hm.gif?hca=6E102B25C2BC8609&cc=1&ck=1&cl=24-bit&ds=390x844&vl=844&ep=969%2C969&et=3&ja=0&ln=en-us&lo=0&lt=1789965931&rnd=876792384&si=46ab2'] overflowX: False
- /tools/jwt 200 console: [] err: [] failed: ['https://hm.baidu.com/hm.gif?hca=6E102B25C2BC8609&cc=1&ck=1&cl=24-bit&ds=390x844&vl=844&ep=943%2C943&et=3&ja=0&ln=en-us&lo=0&lt=1789965931&rnd=1405669732&si=46ab'] overflowX: False
- /tools/url-params 200 console: [] err: [] failed: ['https://hm.baidu.com/hm.gif?hca=6E102B25C2BC8609&cc=1&ck=1&cl=24-bit&ds=390x844&vl=844&ep=943%2C943&et=3&ja=0&ln=en-us&lo=0&lt=1789965931&rnd=1833265647&si=46ab'] overflowX: False
- /tools/curl-convert 200 console: [] err: [] failed: ['https://hm.baidu.com/hm.gif?hca=6E102B25C2BC8609&cc=1&ck=1&cl=24-bit&ds=390x844&vl=844&ep=949%2C949&et=3&ja=0&ln=en-us&lo=0&lt=1789965931&rnd=481976812&si=46ab2'] overflowX: False
- /tools/http-status 200 console: [] err: [] failed: ['https://hm.baidu.com/hm.gif?hca=6E102B25C2BC8609&cc=1&ck=1&cl=24-bit&ds=390x844&vl=844&ep=956%2C956&et=3&ja=0&ln=en-us&lo=0&lt=1789965931&rnd=710129032&si=46ab2'] overflowX: False
- /tools/file-digest 200 console: [] err: [] failed: ['https://hm.baidu.com/hm.gif?hca=6E102B25C2BC8609&cc=1&ck=1&cl=24-bit&ds=390x844&vl=844&ep=1012%2C1012&et=3&ja=0&ln=en-us&lo=0&lt=1789965931&rnd=2000245178&si=46'] overflowX: False
- /tools/image-compress 200 console: [] err: [] failed: ['https://hm.baidu.com/hm.gif?hca=6E102B25C2BC8609&cc=1&ck=1&cl=24-bit&ds=390x844&vl=844&ep=964%2C964&et=3&ja=0&ln=en-us&lo=0&lt=1789965931&rnd=304488291&si=46ab2'] overflowX: False
- /tools/qrcode 200 console: [] err: [] failed: ['https://hm.baidu.com/hm.gif?hca=6E102B25C2BC8609&cc=1&ck=1&cl=24-bit&ds=390x844&vl=844&ep=987%2C987&et=3&ja=0&ln=en-us&lo=0&lt=1789965931&rnd=963372567&si=46ab2'] overflowX: False
- /tools/text-encoding 200 console: [] err: [] failed: ['https://hm.baidu.com/hm.gif?hca=6E102B25C2BC8609&cc=1&ck=1&cl=24-bit&ds=390x844&vl=844&ep=963%2C963&et=3&ja=0&ln=en-us&lo=0&lt=1789965931&rnd=262775384&si=46ab2'] overflowX: False
- /tools/file-base64 200 console: [] err: [] failed: ['https://hm.baidu.com/hm.gif?hca=6E102B25C2BC8609&cc=1&ck=1&cl=24-bit&ds=390x844&vl=844&ep=951%2C951&et=3&ja=0&ln=en-us&lo=0&lt=1789965931&rnd=1364627190&si=46ab'] overflowX: False
- /category/format 200 console: [] err: [] failed: ['https://hm.baidu.com/hm.gif?hca=6E102B25C2BC8609&cc=1&ck=1&cl=24-bit&ds=390x844&vl=844&ep=967%2C967&et=3&ja=0&ln=en-us&lo=0&lt=1789965931&rnd=1135621231&si=46ab'] overflowX: False
- /category/text 200 console: [] err: [] failed: ['https://hm.baidu.com/hm.gif?hca=6E102B25C2BC8609&cc=1&ck=1&cl=24-bit&ds=390x844&vl=844&ep=1203%2C1203&et=3&ja=0&ln=en-us&lo=0&lt=1789965931&rnd=1682214789&si=46'] overflowX: False
- /category/crypto 200 console: [] err: [] failed: ['https://hm.baidu.com/hm.gif?hca=6E102B25C2BC8609&cc=1&ck=1&cl=24-bit&ds=390x844&vl=844&ep=954%2C954&et=3&ja=0&ln=en-us&lo=0&lt=1789965931&rnd=1608993911&si=46ab'] overflowX: False
- /category/time 200 console: [] err: [] failed: ['https://hm.baidu.com/hm.gif?hca=6E102B25C2BC8609&cc=1&ck=1&cl=24-bit&ds=390x844&vl=844&ep=951%2C951&et=3&ja=0&ln=en-us&lo=0&lt=1789965931&rnd=240068159&si=46ab2'] overflowX: False
- /category/java 200 console: [] err: [] failed: ['https://hm.baidu.com/hm.gif?hca=6E102B25C2BC8609&cc=1&ck=1&cl=24-bit&ds=390x844&vl=844&ep=949%2C949&et=3&ja=0&ln=en-us&lo=0&lt=1789965931&rnd=135762781&si=46ab2'] overflowX: False
- /category/web 200 console: [] err: [] failed: ['https://hm.baidu.com/hm.gif?hca=6E102B25C2BC8609&cc=1&ck=1&cl=24-bit&ds=390x844&vl=844&ep=958%2C958&et=3&ja=0&ln=en-us&lo=0&lt=1789965931&rnd=1246632141&si=46ab'] overflowX: False
- /category/api 200 console: [] err: [] failed: ['https://hm.baidu.com/hm.gif?hca=6E102B25C2BC8609&cc=1&ck=1&cl=24-bit&ds=390x844&vl=844&ep=972%2C972&et=3&ja=0&ln=en-us&lo=0&lt=1789965931&rnd=392340557&si=46ab2'] overflowX: False
- /category/file 200 console: [] err: [] failed: ['https://hm.baidu.com/hm.gif?hca=6E102B25C2BC8609&cc=1&ck=1&cl=24-bit&ds=390x844&vl=844&ep=1058%2C1058&et=3&ja=0&ln=en-us&lo=0&lt=1789965931&rnd=365116707&si=46a'] overflowX: False
