routes: 68 flagged: 67 -> /Users/hao/WebstormProjects/web_tools/audit/raw/crawl_1440_light.json
- /favorites 200 console: [] err: [] failed: ['https://hm.baidu.com/hm.gif?hca=A6BAF5D2FB053ABC&cc=1&ck=1&cl=24-bit&ds=1440x900&vl=900&ep=983%2C983&et=3&ja=0&ln=en-us&lo=0&rnd=1809803283&si=46ab2beec5b808b1f'] overflowX: False
- /recent 200 console: [] err: [] failed: ['https://hm.baidu.com/hm.gif?hca=A6BAF5D2FB053ABC&cc=1&ck=1&cl=24-bit&ds=1440x900&vl=900&ep=1071%2C1071&et=3&ja=0&ln=en-us&lo=0&lt=1789965931&rnd=1624842564&si=4'] overflowX: False
- /settings 200 console: [] err: [] failed: ['https://hm.baidu.com/hm.gif?hca=A6BAF5D2FB053ABC&cc=1&ck=1&cl=24-bit&ds=1440x900&vl=900&ep=968%2C968&et=3&ja=0&ln=en-us&lo=0&lt=1789965931&rnd=411632626&si=46ab'] overflowX: False
- /privacy 200 console: [] err: [] failed: ['https://hm.baidu.com/hm.gif?hca=A6BAF5D2FB053ABC&cc=1&ck=1&cl=24-bit&ds=1440x900&vl=900&ep=962%2C962&et=3&ja=0&ln=en-us&lo=0&lt=1789965931&rnd=130472196&si=46ab'] overflowX: False
- /help 200 console: [] err: [] failed: ['https://hm.baidu.com/hm.gif?hca=A6BAF5D2FB053ABC&cc=1&ck=1&cl=24-bit&ds=1440x900&vl=900&ep=952%2C952&et=3&ja=0&ln=en-us&lo=0&lt=1789965931&rnd=1063900130&si=46a'] overflowX: False
- /offline 200 console: [] err: [] failed: ['https://hm.baidu.com/hm.gif?hca=A6BAF5D2FB053ABC&cc=1&ck=1&cl=24-bit&ds=1440x900&vl=900&ep=958%2C958&et=3&ja=0&ln=en-us&lo=0&lt=1789965931&rnd=1050685648&si=46a'] overflowX: False
- /workflows 200 console: [] err: [] failed: ['https://hm.baidu.com/hm.gif?hca=A6BAF5D2FB053ABC&cc=1&ck=1&cl=24-bit&ds=1440x900&vl=900&ep=1017%2C1017&et=3&ja=0&ln=en-us&lo=0&lt=1789965931&rnd=848123942&si=46'] overflowX: False
- /workflows/wf-order-snapshot 200 console: [] err: [] failed: ['https://hm.baidu.com/hm.gif?hca=A6BAF5D2FB053ABC&cc=1&ck=1&cl=24-bit&ds=1440x900&vl=900&ep=952%2C952&et=3&ja=0&ln=en-us&lo=0&lt=1789965931&rnd=1630329323&si=46a'] overflowX: False
- /workflows/wf-config-convert 200 console: [] err: [] failed: ['https://hm.baidu.com/hm.gif?hca=A6BAF5D2FB053ABC&cc=1&ck=1&cl=24-bit&ds=1440x900&vl=900&ep=1005%2C1005&et=3&ja=0&ln=en-us&lo=0&lt=1789965931&rnd=154680437&si=46'] overflowX: False
- /workflows/wf-response-check 200 console: [] err: [] failed: ['https://hm.baidu.com/hm.gif?hca=A6BAF5D2FB053ABC&cc=1&ck=1&cl=24-bit&ds=1440x900&vl=900&ep=982%2C982&et=3&ja=0&ln=en-us&lo=0&lt=1789965931&rnd=1653880011&si=46a'] overflowX: False
- /tools/does-not-exist 404 console: ['error: Failed to load resource: the server responded with a status of 404 (Not Found)', 'warning: [h3] Please prefer using `message` for longer error messages instead of `statusMessage`. In the future, `statusMessage` will be sanitized by default.'] err: [] failed: ['https://hm.baidu.com/hm.gif?hca=A6BAF5D2FB053ABC&cc=1&ck=1&cl=24-bit&ds=1440x900&vl=900&ep=963%2C963&et=3&ja=0&ln=en-us&lo=0&lt=1789965931&rnd=757046653&si=46ab'] overflowX: False
- /category/nope 404 console: ['error: Failed to load resource: the server responded with a status of 404 (Not Found)', 'warning: [h3] Please prefer using `message` for longer error messages instead of `statusMessage`. In the future, `statusMessage` will be sanitized by default.'] err: [] failed: ['https://hm.baidu.com/hm.gif?hca=A6BAF5D2FB053ABC&cc=1&ck=1&cl=24-bit&ds=1440x900&vl=900&ep=981%2C981&et=3&ja=0&ln=en-us&lo=0&lt=1789965931&rnd=245676517&si=46ab'] overflowX: False
- /nope 404 console: ['error: Failed to load resource: the server responded with a status of 404 (Not Found)', 'error: [NUXT_E1005]'] err: [] failed: ['https://hm.baidu.com/hm.gif?hca=A6BAF5D2FB053ABC&cc=1&ck=1&cl=24-bit&ds=1440x900&vl=900&ep=971%2C971&et=3&ja=0&ln=en-us&lo=0&lt=1789965931&rnd=299116011&si=46ab'] overflowX: False
- /workflows/nope 404 console: ['error: Failed to load resource: the server responded with a status of 404 (Not Found)', 'warning: [h3] Please prefer using `message` for longer error messages instead of `statusMessage`. In the future, `statusMessage` will be sanitized by default.'] err: [] failed: ['https://hm.baidu.com/hm.gif?hca=A6BAF5D2FB053ABC&cc=1&ck=1&cl=24-bit&ds=1440x900&vl=900&ep=955%2C955&et=3&ja=0&ln=en-us&lo=0&lt=1789965931&rnd=1320307651&si=46a'] overflowX: False
- /tools/json-format 200 console: [] err: [] failed: ['https://hm.baidu.com/hm.gif?hca=A6BAF5D2FB053ABC&cc=1&ck=1&cl=24-bit&ds=1440x900&vl=900&ep=981%2C981&et=3&ja=0&ln=en-us&lo=0&lt=1789965931&rnd=800908894&si=46ab'] overflowX: False
- /tools/json-diff 200 console: [] err: [] failed: ['https://hm.baidu.com/hm.gif?hca=A6BAF5D2FB053ABC&cc=1&ck=1&cl=24-bit&ds=1440x900&vl=900&ep=963%2C963&et=3&ja=0&ln=en-us&lo=0&lt=1789965931&rnd=1142400038&si=46a'] overflowX: False
- /tools/json-yaml 200 console: [] err: [] failed: ['https://hm.baidu.com/hm.gif?hca=A6BAF5D2FB053ABC&cc=1&ck=1&cl=24-bit&ds=1440x900&vl=900&ep=963%2C963&et=3&ja=0&ln=en-us&lo=0&lt=1789965931&rnd=1028532785&si=46a'] overflowX: False
- /tools/csv-json 200 console: [] err: [] failed: ['https://hm.baidu.com/hm.gif?hca=A6BAF5D2FB053ABC&cc=1&ck=1&cl=24-bit&ds=1440x900&vl=900&ep=951%2C951&et=3&ja=0&ln=en-us&lo=0&lt=1789965931&rnd=205920069&si=46ab'] overflowX: False
- /tools/sql-format 200 console: [] err: [] failed: ['https://hm.baidu.com/hm.gif?hca=A6BAF5D2FB053ABC&cc=1&ck=1&cl=24-bit&ds=1440x900&vl=900&ep=964%2C964&et=3&ja=0&ln=en-us&lo=0&lt=1789965931&rnd=1928539223&si=46a'] overflowX: False
- /tools/xml-toolbox 200 console: [] err: [] failed: ['https://hm.baidu.com/hm.gif?hca=A6BAF5D2FB053ABC&cc=1&ck=1&cl=24-bit&ds=1440x900&vl=900&ep=959%2C959&et=3&ja=0&ln=en-us&lo=0&lt=1789965931&rnd=1356967053&si=46a'] overflowX: False
- /tools/jsonpath-query 200 console: [] err: [] failed: ['https://hm.baidu.com/hm.gif?hca=A6BAF5D2FB053ABC&cc=1&ck=1&cl=24-bit&ds=1440x900&vl=900&ep=953%2C953&et=3&ja=0&ln=en-us&lo=0&lt=1789965931&rnd=393494601&si=46ab'] overflowX: False
- /tools/json-schema 200 console: [] err: [] failed: ['https://hm.baidu.com/hm.gif?hca=A6BAF5D2FB053ABC&cc=1&ck=1&cl=24-bit&ds=1440x900&vl=900&ep=970%2C970&et=3&ja=0&ln=en-us&lo=0&lt=1789965931&rnd=1353743282&si=46a'] overflowX: False
- /tools/base64 200 console: [] err: [] failed: ['https://hm.baidu.com/hm.gif?hca=A6BAF5D2FB053ABC&cc=1&ck=1&cl=24-bit&ds=1440x900&vl=900&ep=946%2C946&et=3&ja=0&ln=en-us&lo=0&lt=1789965931&rnd=1286843092&si=46a'] overflowX: False
- /tools/url-encode 200 console: [] err: [] failed: ['https://hm.baidu.com/hm.gif?hca=A6BAF5D2FB053ABC&cc=1&ck=1&cl=24-bit&ds=1440x900&vl=900&ep=1011%2C1011&et=3&ja=0&ln=en-us&lo=0&lt=1789965931&rnd=1943749356&si=4'] overflowX: False
- /tools/unicode-bytes 200 console: [] err: [] failed: ['https://hm.baidu.com/hm.gif?hca=A6BAF5D2FB053ABC&cc=1&ck=1&cl=24-bit&ds=1440x900&vl=900&ep=958%2C958&et=3&ja=0&ln=en-us&lo=0&lt=1789965931&rnd=696614153&si=46ab'] overflowX: False
- /tools/text-dedup 200 console: [] err: [] failed: ['https://hm.baidu.com/hm.gif?hca=A6BAF5D2FB053ABC&cc=1&ck=1&cl=24-bit&ds=1440x900&vl=900&ep=947%2C947&et=3&ja=0&ln=en-us&lo=0&lt=1789965931&rnd=112949227&si=46ab'] overflowX: False
- /tools/case-convert 200 console: [] err: [] failed: ['https://hm.baidu.com/hm.gif?hca=A6BAF5D2FB053ABC&cc=1&ck=1&cl=24-bit&ds=1440x900&vl=900&ep=966%2C966&et=3&ja=0&ln=en-us&lo=0&lt=1789965931&rnd=1471840346&si=46a'] overflowX: False
- /tools/text-diff 200 console: [] err: [] failed: ['https://hm.baidu.com/hm.gif?hca=A6BAF5D2FB053ABC&cc=1&ck=1&cl=24-bit&ds=1440x900&vl=900&ep=944%2C944&et=3&ja=0&ln=en-us&lo=0&lt=1789965931&rnd=124385671&si=46ab'] overflowX: False
- /tools/regex-test 200 console: [] err: [] failed: ['https://hm.baidu.com/hm.gif?hca=A6BAF5D2FB053ABC&cc=1&ck=1&cl=24-bit&ds=1440x900&vl=900&ep=982%2C982&et=3&ja=0&ln=en-us&lo=0&lt=1789965931&rnd=1266267940&si=46a'] overflowX: False
- /tools/md5-sha 200 console: [] err: [] failed: ['https://hm.baidu.com/hm.gif?hca=A6BAF5D2FB053ABC&cc=1&ck=1&cl=24-bit&ds=1440x900&vl=900&ep=949%2C949&et=3&ja=0&ln=en-us&lo=0&lt=1789965931&rnd=109050381&si=46ab'] overflowX: False
- /tools/hmac 200 console: [] err: [] failed: ['https://hm.baidu.com/hm.gif?hca=A6BAF5D2FB053ABC&cc=1&ck=1&cl=24-bit&ds=1440x900&vl=900&ep=955%2C955&et=3&ja=0&ln=en-us&lo=0&lt=1789965931&rnd=611569949&si=46ab'] overflowX: False
- /tools/aes 200 console: [] err: [] failed: ['https://hm.baidu.com/hm.gif?hca=A6BAF5D2FB053ABC&cc=1&ck=1&cl=24-bit&ds=1440x900&vl=900&ep=976%2C976&et=3&ja=0&ln=en-us&lo=0&lt=1789965931&rnd=572836877&si=46ab'] overflowX: False
- /tools/sm2 200 console: [] err: [] failed: ['https://hm.baidu.com/hm.gif?hca=A6BAF5D2FB053ABC&cc=1&ck=1&cl=24-bit&ds=1440x900&vl=900&ep=962%2C962&et=3&ja=0&ln=en-us&lo=0&lt=1789965931&rnd=1861441678&si=46a'] overflowX: False
- /tools/sm3 200 console: [] err: [] failed: ['https://hm.baidu.com/hm.gif?hca=A6BAF5D2FB053ABC&cc=1&ck=1&cl=24-bit&ds=1440x900&vl=900&ep=963%2C963&et=3&ja=0&ln=en-us&lo=0&lt=1789965931&rnd=721193380&si=46ab'] overflowX: False
- /tools/sm4 200 console: [] err: [] failed: ['https://hm.baidu.com/hm.gif?hca=A6BAF5D2FB053ABC&cc=1&ck=1&cl=24-bit&ds=1440x900&vl=900&ep=946%2C946&et=3&ja=0&ln=en-us&lo=0&lt=1789965931&rnd=1028649471&si=46a'] overflowX: False
- /tools/timestamp 200 console: [] err: [] failed: ['https://hm.baidu.com/hm.gif?hca=A6BAF5D2FB053ABC&cc=1&ck=1&cl=24-bit&ds=1440x900&vl=900&ep=943%2C943&et=3&ja=0&ln=en-us&lo=0&lt=1789965931&rnd=1435262897&si=46a'] overflowX: False
- /tools/uuid 200 console: [] err: [] failed: ['https://hm.baidu.com/hm.gif?hca=A6BAF5D2FB053ABC&cc=1&ck=1&cl=24-bit&ds=1440x900&vl=900&ep=960%2C960&et=3&ja=0&ln=en-us&lo=0&lt=1789965931&rnd=357275874&si=46ab'] overflowX: False
- /tools/cron 200 console: [] err: [] failed: ['https://hm.baidu.com/hm.gif?hca=A6BAF5D2FB053ABC&cc=1&ck=1&cl=24-bit&ds=1440x900&vl=900&ep=944%2C944&et=3&ja=0&ln=en-us&lo=0&lt=1789965931&rnd=1750258887&si=46a'] overflowX: False
- /tools/date-diff 200 console: [] err: [] failed: ['https://hm.baidu.com/hm.gif?hca=A6BAF5D2FB053ABC&cc=1&ck=1&cl=24-bit&ds=1440x900&vl=900&ep=970%2C969&et=3&ja=0&ln=en-us&lo=0&lt=1789965931&rnd=2128831500&si=46a'] overflowX: False
- /tools/json2java 200 console: [] err: [] failed: ['https://hm.baidu.com/hm.gif?hca=A6BAF5D2FB053ABC&cc=1&ck=1&cl=24-bit&ds=1440x900&vl=900&ep=1044%2C1044&et=3&ja=0&ln=en-us&lo=0&lt=1789965931&rnd=769342939&si=46'] overflowX: False
- /tools/java-escape 200 console: [] err: [] failed: ['https://hm.baidu.com/hm.gif?hca=A6BAF5D2FB053ABC&cc=1&ck=1&cl=24-bit&ds=1440x900&vl=900&ep=1293%2C1293&et=3&ja=0&ln=en-us&lo=0&lt=1789965931&rnd=938017675&si=46'] overflowX: False
- /tools/properties-yaml 200 console: [] err: [] failed: ['https://hm.baidu.com/hm.gif?hca=A6BAF5D2FB053ABC&cc=1&ck=1&cl=24-bit&ds=1440x900&vl=900&ep=1176%2C1176&et=3&ja=0&ln=en-us&lo=0&lt=1789965931&rnd=1920525324&si=4'] overflowX: False
- /tools/stack-trace 200 console: [] err: [] failed: ['https://hm.baidu.com/hm.gif?hca=A6BAF5D2FB053ABC&cc=1&ck=1&cl=24-bit&ds=1440x900&vl=900&ep=949%2C949&et=3&ja=0&ln=en-us&lo=0&lt=1789965931&rnd=1946585080&si=46a'] overflowX: False
- /tools/maven-gradle 200 console: [] err: [] failed: ['https://hm.baidu.com/hm.gif?hca=A6BAF5D2FB053ABC&cc=1&ck=1&cl=24-bit&ds=1440x900&vl=900&ep=954%2C954&et=3&ja=0&ln=en-us&lo=0&lt=1789965931&rnd=639101683&si=46ab'] overflowX: False
- /tools/json2ts 200 console: [] err: [] failed: ['https://hm.baidu.com/hm.gif?hca=A6BAF5D2FB053ABC&cc=1&ck=1&cl=24-bit&ds=1440x900&vl=900&ep=963%2C963&et=3&ja=0&ln=en-us&lo=0&lt=1789965931&rnd=1974635297&si=46a'] overflowX: False
- /tools/vue-sfc 200 console: [] err: [] failed: ['https://hm.baidu.com/hm.gif?hca=A6BAF5D2FB053ABC&cc=1&ck=1&cl=24-bit&ds=1440x900&vl=900&ep=968%2C968&et=3&ja=0&ln=en-us&lo=0&lt=1789965931&rnd=261337655&si=46ab'] overflowX: False
- /tools/css-units 200 console: [] err: [] failed: ['https://hm.baidu.com/hm.gif?hca=A6BAF5D2FB053ABC&cc=1&ck=1&cl=24-bit&ds=1440x900&vl=900&ep=964%2C964&et=3&ja=0&ln=en-us&lo=0&lt=1789965931&rnd=220909247&si=46ab'] overflowX: False
- /tools/color 200 console: [] err: [] failed: ['https://hm.baidu.com/hm.gif?hca=A6BAF5D2FB053ABC&cc=1&ck=1&cl=24-bit&ds=1440x900&vl=900&ep=952%2C952&et=3&ja=0&ln=en-us&lo=0&lt=1789965931&rnd=231232622&si=46ab'] overflowX: False
- /tools/svg 200 console: [] err: [] failed: ['https://hm.baidu.com/hm.gif?hca=A6BAF5D2FB053ABC&cc=1&ck=1&cl=24-bit&ds=1440x900&vl=900&ep=956%2C956&et=3&ja=0&ln=en-us&lo=0&lt=1789965931&rnd=341830153&si=46ab'] overflowX: False
- /tools/html-format 200 console: [] err: [] failed: ['https://hm.baidu.com/hm.gif?hca=A6BAF5D2FB053ABC&cc=1&ck=1&cl=24-bit&ds=1440x900&vl=900&ep=965%2C965&et=3&ja=0&ln=en-us&lo=0&lt=1789965931&rnd=1649780739&si=46a'] overflowX: False
- /tools/jwt 200 console: [] err: [] failed: ['https://hm.baidu.com/hm.gif?hca=A6BAF5D2FB053ABC&cc=1&ck=1&cl=24-bit&ds=1440x900&vl=900&ep=974%2C974&et=3&ja=0&ln=en-us&lo=0&lt=1789965931&rnd=147246234&si=46ab'] overflowX: False
- /tools/url-params 200 console: [] err: [] failed: ['https://hm.baidu.com/hm.gif?hca=A6BAF5D2FB053ABC&cc=1&ck=1&cl=24-bit&ds=1440x900&vl=900&ep=970%2C970&et=3&ja=0&ln=en-us&lo=0&lt=1789965931&rnd=1585298664&si=46a'] overflowX: False
- /tools/curl-convert 200 console: [] err: [] failed: ['https://hm.baidu.com/hm.gif?hca=A6BAF5D2FB053ABC&cc=1&ck=1&cl=24-bit&ds=1440x900&vl=900&ep=993%2C993&et=3&ja=0&ln=en-us&lo=0&lt=1789965931&rnd=761830651&si=46ab'] overflowX: False
- /tools/http-status 200 console: [] err: [] failed: ['https://hm.baidu.com/hm.gif?hca=A6BAF5D2FB053ABC&cc=1&ck=1&cl=24-bit&ds=1440x900&vl=900&ep=947%2C947&et=3&ja=0&ln=en-us&lo=0&lt=1789965931&rnd=994964605&si=46ab'] overflowX: False
- /tools/file-digest 200 console: [] err: [] failed: ['https://hm.baidu.com/hm.gif?hca=A6BAF5D2FB053ABC&cc=1&ck=1&cl=24-bit&ds=1440x900&vl=900&ep=984%2C984&et=3&ja=0&ln=en-us&lo=0&lt=1789965931&rnd=1097936682&si=46a'] overflowX: False
- /tools/image-compress 200 console: [] err: [] failed: ['https://hm.baidu.com/hm.gif?hca=A6BAF5D2FB053ABC&cc=1&ck=1&cl=24-bit&ds=1440x900&vl=900&ep=974%2C974&et=3&ja=0&ln=en-us&lo=0&lt=1789965931&rnd=1270487531&si=46a'] overflowX: False
- /tools/qrcode 200 console: [] err: [] failed: ['https://hm.baidu.com/hm.gif?hca=A6BAF5D2FB053ABC&cc=1&ck=1&cl=24-bit&ds=1440x900&vl=900&ep=948%2C948&et=3&ja=0&ln=en-us&lo=0&lt=1789965931&rnd=1748603646&si=46a'] overflowX: False
- /tools/text-encoding 200 console: [] err: [] failed: ['https://hm.baidu.com/hm.gif?hca=A6BAF5D2FB053ABC&cc=1&ck=1&cl=24-bit&ds=1440x900&vl=900&ep=952%2C952&et=3&ja=0&ln=en-us&lo=0&lt=1789965931&rnd=1175658292&si=46a'] overflowX: False
- /tools/file-base64 200 console: [] err: [] failed: ['https://hm.baidu.com/hm.gif?hca=A6BAF5D2FB053ABC&cc=1&ck=1&cl=24-bit&ds=1440x900&vl=900&ep=955%2C955&et=3&ja=0&ln=en-us&lo=0&lt=1789965931&rnd=1788801758&si=46a'] overflowX: False
- /category/format 200 console: [] err: [] failed: ['https://hm.baidu.com/hm.gif?hca=A6BAF5D2FB053ABC&cc=1&ck=1&cl=24-bit&ds=1440x900&vl=900&ep=954%2C954&et=3&ja=0&ln=en-us&lo=0&lt=1789965931&rnd=1644872604&si=46a'] overflowX: False
- /category/text 200 console: [] err: [] failed: ['https://hm.baidu.com/hm.gif?hca=A6BAF5D2FB053ABC&cc=1&ck=1&cl=24-bit&ds=1440x900&vl=900&ep=954%2C954&et=3&ja=0&ln=en-us&lo=0&lt=1789965931&rnd=1823872814&si=46a'] overflowX: False
- /category/crypto 200 console: [] err: [] failed: ['https://hm.baidu.com/hm.gif?hca=A6BAF5D2FB053ABC&cc=1&ck=1&cl=24-bit&ds=1440x900&vl=900&ep=1198%2C1198&et=3&ja=0&ln=en-us&lo=0&lt=1789965931&rnd=1764306168&si=4'] overflowX: False
- /category/time 200 console: [] err: [] failed: ['https://hm.baidu.com/hm.gif?hca=A6BAF5D2FB053ABC&cc=1&ck=1&cl=24-bit&ds=1440x900&vl=900&ep=1044%2C1044&et=3&ja=0&ln=en-us&lo=0&lt=1789965931&rnd=219704626&si=46'] overflowX: False
- /category/java 200 console: [] err: [] failed: ['https://hm.baidu.com/hm.gif?hca=A6BAF5D2FB053ABC&cc=1&ck=1&cl=24-bit&ds=1440x900&vl=900&ep=994%2C994&et=3&ja=0&ln=en-us&lo=0&lt=1789965931&rnd=958607954&si=46ab'] overflowX: False
- /category/web 200 console: [] err: [] failed: ['https://hm.baidu.com/hm.gif?hca=A6BAF5D2FB053ABC&cc=1&ck=1&cl=24-bit&ds=1440x900&vl=900&ep=972%2C972&et=3&ja=0&ln=en-us&lo=0&lt=1789965931&rnd=574633651&si=46ab'] overflowX: False
- /category/api 200 console: [] err: [] failed: ['https://hm.baidu.com/hm.gif?hca=A6BAF5D2FB053ABC&cc=1&ck=1&cl=24-bit&ds=1440x900&vl=900&ep=966%2C966&et=3&ja=0&ln=en-us&lo=0&lt=1789965931&rnd=310917186&si=46ab'] overflowX: False
- /category/file 200 console: [] err: [] failed: ['https://hm.baidu.com/hm.gif?hca=A6BAF5D2FB053ABC&cc=1&ck=1&cl=24-bit&ds=1440x900&vl=900&ep=968%2C968&et=3&ja=0&ln=en-us&lo=0&lt=1789965931&rnd=1998679756&si=46a'] overflowX: False
