routes: 68 flagged: 67 -> /Users/hao/WebstormProjects/web_tools/audit/raw/crawl_1440_light.json
- /favorites 200 console: [] err: [] failed: ['https://hm.baidu.com/hm.gif?hca=7B3813A2828651B8&cc=1&ck=1&cl=24-bit&ds=1440x900&vl=900&ep=974%2C974&et=3&ja=0&ln=en-us&lo=0&rnd=1060993856&si=46ab2beec5b808b1f'] overflowX: False
- /recent 200 console: [] err: [] failed: ['https://hm.baidu.com/hm.gif?hca=7B3813A2828651B8&cc=1&ck=1&cl=24-bit&ds=1440x900&vl=900&ep=986%2C986&et=3&ja=0&ln=en-us&lo=0&lt=1789974755&rnd=748171804&si=46ab'] overflowX: False
- /settings 200 console: [] err: [] failed: ['https://hm.baidu.com/hm.gif?hca=7B3813A2828651B8&cc=1&ck=1&cl=24-bit&ds=1440x900&vl=900&ep=956%2C956&et=3&ja=0&ln=en-us&lo=0&lt=1789974755&rnd=1160391312&si=46a'] overflowX: False
- /privacy 200 console: [] err: [] failed: ['https://hm.baidu.com/hm.gif?hca=7B3813A2828651B8&cc=1&ck=1&cl=24-bit&ds=1440x900&vl=900&ep=965%2C965&et=3&ja=0&ln=en-us&lo=0&lt=1789974755&rnd=425009300&si=46ab'] overflowX: False
- /help 200 console: [] err: [] failed: ['https://hm.baidu.com/hm.gif?hca=7B3813A2828651B8&cc=1&ck=1&cl=24-bit&ds=1440x900&vl=900&ep=977%2C977&et=3&ja=0&ln=en-us&lo=0&lt=1789974755&rnd=1333237056&si=46a'] overflowX: False
- /offline 200 console: [] err: [] failed: ['https://hm.baidu.com/hm.gif?hca=7B3813A2828651B8&cc=1&ck=1&cl=24-bit&ds=1440x900&vl=900&ep=958%2C958&et=3&ja=0&ln=en-us&lo=0&lt=1789974755&rnd=2127799770&si=46a'] overflowX: False
- /workflows 200 console: [] err: [] failed: ['https://hm.baidu.com/hm.gif?hca=7B3813A2828651B8&cc=1&ck=1&cl=24-bit&ds=1440x900&vl=900&ep=961%2C961&et=3&ja=0&ln=en-us&lo=0&lt=1789974755&rnd=784158654&si=46ab'] overflowX: False
- /workflows/wf-order-snapshot 200 console: [] err: [] failed: ['https://hm.baidu.com/hm.gif?hca=7B3813A2828651B8&cc=1&ck=1&cl=24-bit&ds=1440x900&vl=900&ep=949%2C949&et=3&ja=0&ln=en-us&lo=0&lt=1789974755&rnd=1323302188&si=46a'] overflowX: False
- /workflows/wf-config-convert 200 console: [] err: [] failed: ['https://hm.baidu.com/hm.gif?hca=7B3813A2828651B8&cc=1&ck=1&cl=24-bit&ds=1440x900&vl=900&ep=956%2C956&et=3&ja=0&ln=en-us&lo=0&lt=1789974755&rnd=916517627&si=46ab'] overflowX: False
- /workflows/wf-response-check 200 console: [] err: [] failed: ['https://hm.baidu.com/hm.gif?hca=7B3813A2828651B8&cc=1&ck=1&cl=24-bit&ds=1440x900&vl=900&ep=958%2C958&et=3&ja=0&ln=en-us&lo=0&lt=1789974755&rnd=198653926&si=46ab'] overflowX: False
- /tools/does-not-exist 404 console: ['error: Failed to load resource: the server responded with a status of 404 (Not Found)', 'warning: [h3] Please prefer using `message` for longer error messages instead of `statusMessage`. In the future, `statusMessage` will be sanitized by default.'] err: [] failed: ['https://hm.baidu.com/hm.gif?hca=7B3813A2828651B8&cc=1&ck=1&cl=24-bit&ds=1440x900&vl=900&ep=991%2C991&et=3&ja=0&ln=en-us&lo=0&lt=1789974755&rnd=894498009&si=46ab'] overflowX: False
- /category/nope 404 console: ['error: Failed to load resource: the server responded with a status of 404 (Not Found)', 'warning: [h3] Please prefer using `message` for longer error messages instead of `statusMessage`. In the future, `statusMessage` will be sanitized by default.'] err: [] failed: ['https://hm.baidu.com/hm.gif?hca=7B3813A2828651B8&cc=1&ck=1&cl=24-bit&ds=1440x900&vl=900&ep=969%2C969&et=3&ja=0&ln=en-us&lo=0&lt=1789974755&rnd=676161202&si=46ab'] overflowX: False
- /nope 404 console: ['error: Failed to load resource: the server responded with a status of 404 (Not Found)', 'error: [NUXT_E1005]'] err: [] failed: ['https://hm.baidu.com/hm.gif?hca=7B3813A2828651B8&cc=1&ck=1&cl=24-bit&ds=1440x900&vl=900&ep=954%2C954&et=3&ja=0&ln=en-us&lo=0&lt=1789974755&rnd=150952033&si=46ab'] overflowX: False
- /workflows/nope 404 console: ['error: Failed to load resource: the server responded with a status of 404 (Not Found)', 'warning: [h3] Please prefer using `message` for longer error messages instead of `statusMessage`. In the future, `statusMessage` will be sanitized by default.'] err: [] failed: ['https://hm.baidu.com/hm.gif?hca=7B3813A2828651B8&cc=1&ck=1&cl=24-bit&ds=1440x900&vl=900&ep=952%2C952&et=3&ja=0&ln=en-us&lo=0&lt=1789974755&rnd=77250790&si=46ab2'] overflowX: False
- /tools/json-format 200 console: [] err: [] failed: ['https://hm.baidu.com/hm.gif?hca=7B3813A2828651B8&cc=1&ck=1&cl=24-bit&ds=1440x900&vl=900&ep=950%2C950&et=3&ja=0&ln=en-us&lo=0&lt=1789974755&rnd=1707255790&si=46a'] overflowX: False
- /tools/json-diff 200 console: [] err: [] failed: ['https://hm.baidu.com/hm.gif?hca=7B3813A2828651B8&cc=1&ck=1&cl=24-bit&ds=1440x900&vl=900&ep=976%2C976&et=3&ja=0&ln=en-us&lo=0&lt=1789974755&rnd=930361909&si=46ab'] overflowX: False
- /tools/json-yaml 200 console: [] err: [] failed: ['https://hm.baidu.com/hm.gif?hca=7B3813A2828651B8&cc=1&ck=1&cl=24-bit&ds=1440x900&vl=900&ep=953%2C953&et=3&ja=0&ln=en-us&lo=0&lt=1789974755&rnd=806801254&si=46ab'] overflowX: False
- /tools/csv-json 200 console: [] err: [] failed: ['https://hm.baidu.com/hm.gif?hca=7B3813A2828651B8&cc=1&ck=1&cl=24-bit&ds=1440x900&vl=900&ep=981%2C981&et=3&ja=0&ln=en-us&lo=0&lt=1789974755&rnd=226888760&si=46ab'] overflowX: False
- /tools/sql-format 200 console: [] err: [] failed: ['https://hm.baidu.com/hm.gif?hca=7B3813A2828651B8&cc=1&ck=1&cl=24-bit&ds=1440x900&vl=900&ep=970%2C970&et=3&ja=0&ln=en-us&lo=0&lt=1789974755&rnd=1083989549&si=46a'] overflowX: False
- /tools/xml-toolbox 200 console: [] err: [] failed: ['https://hm.baidu.com/hm.gif?hca=7B3813A2828651B8&cc=1&ck=1&cl=24-bit&ds=1440x900&vl=900&ep=951%2C951&et=3&ja=0&ln=en-us&lo=0&lt=1789974755&rnd=270596942&si=46ab'] overflowX: False
- /tools/jsonpath-query 200 console: [] err: [] failed: ['https://hm.baidu.com/hm.gif?hca=7B3813A2828651B8&cc=1&ck=1&cl=24-bit&ds=1440x900&vl=900&ep=973%2C973&et=3&ja=0&ln=en-us&lo=0&lt=1789974755&rnd=290566839&si=46ab'] overflowX: False
- /tools/json-schema 200 console: [] err: [] failed: ['https://hm.baidu.com/hm.gif?hca=7B3813A2828651B8&cc=1&ck=1&cl=24-bit&ds=1440x900&vl=900&ep=981%2C981&et=3&ja=0&ln=en-us&lo=0&lt=1789974755&rnd=851712213&si=46ab'] overflowX: False
- /tools/base64 200 console: [] err: [] failed: ['https://hm.baidu.com/hm.gif?hca=7B3813A2828651B8&cc=1&ck=1&cl=24-bit&ds=1440x900&vl=900&ep=948%2C948&et=3&ja=0&ln=en-us&lo=0&lt=1789974755&rnd=250547778&si=46ab'] overflowX: False
- /tools/url-encode 200 console: [] err: [] failed: ['https://hm.baidu.com/hm.gif?hca=7B3813A2828651B8&cc=1&ck=1&cl=24-bit&ds=1440x900&vl=900&ep=975%2C975&et=3&ja=0&ln=en-us&lo=0&lt=1789974755&rnd=1685674024&si=46a'] overflowX: False
- /tools/unicode-bytes 200 console: [] err: [] failed: ['https://hm.baidu.com/hm.gif?hca=7B3813A2828651B8&cc=1&ck=1&cl=24-bit&ds=1440x900&vl=900&ep=945%2C945&et=3&ja=0&ln=en-us&lo=0&lt=1789974755&rnd=920994582&si=46ab'] overflowX: False
- /tools/text-dedup 200 console: [] err: [] failed: ['https://hm.baidu.com/hm.gif?hca=7B3813A2828651B8&cc=1&ck=1&cl=24-bit&ds=1440x900&vl=900&ep=968%2C968&et=3&ja=0&ln=en-us&lo=0&lt=1789974755&rnd=339983359&si=46ab'] overflowX: False
- /tools/case-convert 200 console: [] err: [] failed: ['https://hm.baidu.com/hm.gif?hca=7B3813A2828651B8&cc=1&ck=1&cl=24-bit&ds=1440x900&vl=900&ep=959%2C959&et=3&ja=0&ln=en-us&lo=0&lt=1789974755&rnd=562211197&si=46ab'] overflowX: False
- /tools/text-diff 200 console: [] err: [] failed: ['https://hm.baidu.com/hm.gif?hca=7B3813A2828651B8&cc=1&ck=1&cl=24-bit&ds=1440x900&vl=900&ep=967%2C967&et=3&ja=0&ln=en-us&lo=0&lt=1789974755&rnd=389143869&si=46ab'] overflowX: False
- /tools/regex-test 200 console: [] err: [] failed: ['https://hm.baidu.com/hm.gif?hca=7B3813A2828651B8&cc=1&ck=1&cl=24-bit&ds=1440x900&vl=900&ep=963%2C963&et=3&ja=0&ln=en-us&lo=0&lt=1789974755&rnd=1522085151&si=46a'] overflowX: False
- /tools/md5-sha 200 console: [] err: [] failed: ['https://hm.baidu.com/hm.gif?hca=7B3813A2828651B8&cc=1&ck=1&cl=24-bit&ds=1440x900&vl=900&ep=957%2C957&et=3&ja=0&ln=en-us&lo=0&lt=1789974755&rnd=1501521262&si=46a'] overflowX: False
- /tools/hmac 200 console: [] err: [] failed: ['https://hm.baidu.com/hm.gif?hca=7B3813A2828651B8&cc=1&ck=1&cl=24-bit&ds=1440x900&vl=900&ep=956%2C956&et=3&ja=0&ln=en-us&lo=0&lt=1789974755&rnd=2090264032&si=46a'] overflowX: False
- /tools/aes 200 console: [] err: [] failed: ['https://hm.baidu.com/hm.gif?hca=7B3813A2828651B8&cc=1&ck=1&cl=24-bit&ds=1440x900&vl=900&ep=976%2C976&et=3&ja=0&ln=en-us&lo=0&lt=1789974755&rnd=2010335013&si=46a'] overflowX: False
- /tools/sm2 200 console: [] err: [] failed: ['https://hm.baidu.com/hm.gif?hca=7B3813A2828651B8&cc=1&ck=1&cl=24-bit&ds=1440x900&vl=900&ep=956%2C956&et=3&ja=0&ln=en-us&lo=0&lt=1789974755&rnd=1681066585&si=46a'] overflowX: False
- /tools/sm3 200 console: [] err: [] failed: ['https://hm.baidu.com/hm.gif?hca=7B3813A2828651B8&cc=1&ck=1&cl=24-bit&ds=1440x900&vl=900&ep=963%2C963&et=3&ja=0&ln=en-us&lo=0&lt=1789974755&rnd=1705945240&si=46a'] overflowX: False
- /tools/sm4 200 console: [] err: [] failed: ['https://hm.baidu.com/hm.gif?hca=7B3813A2828651B8&cc=1&ck=1&cl=24-bit&ds=1440x900&vl=900&ep=963%2C963&et=3&ja=0&ln=en-us&lo=0&lt=1789974755&rnd=660696835&si=46ab'] overflowX: False
- /tools/timestamp 200 console: [] err: [] failed: ['https://hm.baidu.com/hm.gif?hca=7B3813A2828651B8&cc=1&ck=1&cl=24-bit&ds=1440x900&vl=900&ep=972%2C972&et=3&ja=0&ln=en-us&lo=0&lt=1789974755&rnd=2025003771&si=46a'] overflowX: False
- /tools/uuid 200 console: [] err: [] failed: ['https://hm.baidu.com/hm.gif?hca=7B3813A2828651B8&cc=1&ck=1&cl=24-bit&ds=1440x900&vl=900&ep=995%2C995&et=3&ja=0&ln=en-us&lo=0&lt=1789974755&rnd=1156449357&si=46a'] overflowX: False
- /tools/cron 200 console: [] err: [] failed: ['https://hm.baidu.com/hm.gif?hca=7B3813A2828651B8&cc=1&ck=1&cl=24-bit&ds=1440x900&vl=900&ep=950%2C950&et=3&ja=0&ln=en-us&lo=0&lt=1789974755&rnd=1095305715&si=46a'] overflowX: False
- /tools/date-diff 200 console: [] err: [] failed: ['https://hm.baidu.com/hm.gif?hca=7B3813A2828651B8&cc=1&ck=1&cl=24-bit&ds=1440x900&vl=900&ep=956%2C956&et=3&ja=0&ln=en-us&lo=0&lt=1789974755&rnd=925035358&si=46ab'] overflowX: False
- /tools/json2java 200 console: [] err: [] failed: ['https://hm.baidu.com/hm.gif?hca=7B3813A2828651B8&cc=1&ck=1&cl=24-bit&ds=1440x900&vl=900&ep=1148%2C1148&et=3&ja=0&ln=en-us&lo=0&lt=1789974755&rnd=672511920&si=46'] overflowX: False
- /tools/java-escape 200 console: [] err: [] failed: ['https://hm.baidu.com/hm.gif?hca=7B3813A2828651B8&cc=1&ck=1&cl=24-bit&ds=1440x900&vl=900&ep=964%2C964&et=3&ja=0&ln=en-us&lo=0&lt=1789974755&rnd=233745241&si=46ab'] overflowX: False
- /tools/properties-yaml 200 console: [] err: [] failed: ['https://hm.baidu.com/hm.gif?hca=7B3813A2828651B8&cc=1&ck=1&cl=24-bit&ds=1440x900&vl=900&ep=966%2C966&et=3&ja=0&ln=en-us&lo=0&lt=1789974755&rnd=2071352311&si=46a'] overflowX: False
- /tools/stack-trace 200 console: [] err: [] failed: ['https://hm.baidu.com/hm.gif?hca=7B3813A2828651B8&cc=1&ck=1&cl=24-bit&ds=1440x900&vl=900&ep=964%2C964&et=3&ja=0&ln=en-us&lo=0&lt=1789974755&rnd=629536984&si=46ab'] overflowX: False
- /tools/maven-gradle 200 console: [] err: [] failed: ['https://hm.baidu.com/hm.gif?hca=7B3813A2828651B8&cc=1&ck=1&cl=24-bit&ds=1440x900&vl=900&ep=1023%2C1023&et=3&ja=0&ln=en-us&lo=0&lt=1789974755&rnd=63576557&si=46a'] overflowX: False
- /tools/json2ts 200 console: [] err: [] failed: ['https://hm.baidu.com/hm.gif?hca=7B3813A2828651B8&cc=1&ck=1&cl=24-bit&ds=1440x900&vl=900&ep=1031%2C1031&et=3&ja=0&ln=en-us&lo=0&lt=1789974755&rnd=1756362494&si=4'] overflowX: False
- /tools/vue-sfc 200 console: [] err: [] failed: ['https://hm.baidu.com/hm.gif?hca=7B3813A2828651B8&cc=1&ck=1&cl=24-bit&ds=1440x900&vl=900&ep=968%2C968&et=3&ja=0&ln=en-us&lo=0&lt=1789974755&rnd=770202593&si=46ab'] overflowX: False
- /tools/css-units 200 console: [] err: [] failed: ['https://hm.baidu.com/hm.gif?hca=7B3813A2828651B8&cc=1&ck=1&cl=24-bit&ds=1440x900&vl=900&ep=1006%2C1006&et=3&ja=0&ln=en-us&lo=0&lt=1789974755&rnd=529619018&si=46'] overflowX: False
- /tools/color 200 console: [] err: [] failed: ['https://hm.baidu.com/hm.gif?hca=7B3813A2828651B8&cc=1&ck=1&cl=24-bit&ds=1440x900&vl=900&ep=1102%2C1102&et=3&ja=0&ln=en-us&lo=0&lt=1789974755&rnd=2102609023&si=4'] overflowX: False
- /tools/svg 200 console: [] err: [] failed: ['https://hm.baidu.com/hm.gif?hca=7B3813A2828651B8&cc=1&ck=1&cl=24-bit&ds=1440x900&vl=900&ep=998%2C998&et=3&ja=0&ln=en-us&lo=0&lt=1789974755&rnd=633119285&si=46ab'] overflowX: False
- /tools/html-format 200 console: [] err: [] failed: ['https://hm.baidu.com/hm.gif?hca=7B3813A2828651B8&cc=1&ck=1&cl=24-bit&ds=1440x900&vl=900&ep=977%2C977&et=3&ja=0&ln=en-us&lo=0&lt=1789974755&rnd=1280251252&si=46a'] overflowX: False
- /tools/jwt 200 console: [] err: [] failed: ['https://hm.baidu.com/hm.gif?hca=7B3813A2828651B8&cc=1&ck=1&cl=24-bit&ds=1440x900&vl=900&ep=1031%2C1031&et=3&ja=0&ln=en-us&lo=0&lt=1789974755&rnd=2004367600&si=4'] overflowX: False
- /tools/url-params 200 console: [] err: [] failed: ['https://hm.baidu.com/hm.gif?hca=7B3813A2828651B8&cc=1&ck=1&cl=24-bit&ds=1440x900&vl=900&ep=981%2C981&et=3&ja=0&ln=en-us&lo=0&lt=1789974755&rnd=22057403&si=46ab2'] overflowX: False
- /tools/curl-convert 200 console: [] err: [] failed: ['https://hm.baidu.com/hm.gif?hca=7B3813A2828651B8&cc=1&ck=1&cl=24-bit&ds=1440x900&vl=900&ep=968%2C968&et=3&ja=0&ln=en-us&lo=0&lt=1789974755&rnd=1474319826&si=46a'] overflowX: False
- /tools/http-status 200 console: [] err: [] failed: ['https://hm.baidu.com/hm.gif?hca=7B3813A2828651B8&cc=1&ck=1&cl=24-bit&ds=1440x900&vl=900&ep=976%2C976&et=3&ja=0&ln=en-us&lo=0&lt=1789974755&rnd=1623655746&si=46a'] overflowX: False
- /tools/file-digest 200 console: [] err: [] failed: ['https://hm.baidu.com/hm.gif?hca=7B3813A2828651B8&cc=1&ck=1&cl=24-bit&ds=1440x900&vl=900&ep=964%2C964&et=3&ja=0&ln=en-us&lo=0&lt=1789974755&rnd=1568690454&si=46a'] overflowX: False
- /tools/image-compress 200 console: [] err: [] failed: ['https://hm.baidu.com/hm.gif?hca=7B3813A2828651B8&cc=1&ck=1&cl=24-bit&ds=1440x900&vl=900&ep=951%2C951&et=3&ja=0&ln=en-us&lo=0&lt=1789974755&rnd=1512353110&si=46a'] overflowX: False
- /tools/qrcode 200 console: [] err: [] failed: ['https://hm.baidu.com/hm.gif?hca=7B3813A2828651B8&cc=1&ck=1&cl=24-bit&ds=1440x900&vl=900&ep=958%2C958&et=3&ja=0&ln=en-us&lo=0&lt=1789974755&rnd=1055761380&si=46a'] overflowX: False
- /tools/text-encoding 200 console: [] err: [] failed: ['https://hm.baidu.com/hm.gif?hca=7B3813A2828651B8&cc=1&ck=1&cl=24-bit&ds=1440x900&vl=900&ep=975%2C975&et=3&ja=0&ln=en-us&lo=0&lt=1789974755&rnd=1127034989&si=46a'] overflowX: False
- /tools/file-base64 200 console: [] err: [] failed: ['https://hm.baidu.com/hm.gif?hca=7B3813A2828651B8&cc=1&ck=1&cl=24-bit&ds=1440x900&vl=900&ep=949%2C949&et=3&ja=0&ln=en-us&lo=0&lt=1789974755&rnd=1037874226&si=46a'] overflowX: False
- /category/format 200 console: [] err: [] failed: ['https://hm.baidu.com/hm.gif?hca=7B3813A2828651B8&cc=1&ck=1&cl=24-bit&ds=1440x900&vl=900&ep=955%2C955&et=3&ja=0&ln=en-us&lo=0&lt=1789974755&rnd=2146506645&si=46a'] overflowX: False
- /category/text 200 console: [] err: [] failed: ['https://hm.baidu.com/hm.gif?hca=7B3813A2828651B8&cc=1&ck=1&cl=24-bit&ds=1440x900&vl=900&ep=970%2C970&et=3&ja=0&ln=en-us&lo=0&lt=1789974755&rnd=1719674015&si=46a'] overflowX: False
- /category/crypto 200 console: [] err: [] failed: ['https://hm.baidu.com/hm.gif?hca=7B3813A2828651B8&cc=1&ck=1&cl=24-bit&ds=1440x900&vl=900&ep=987%2C987&et=3&ja=0&ln=en-us&lo=0&lt=1789974755&rnd=369465968&si=46ab'] overflowX: False
- /category/time 200 console: [] err: [] failed: ['https://hm.baidu.com/hm.gif?hca=7B3813A2828651B8&cc=1&ck=1&cl=24-bit&ds=1440x900&vl=900&ep=972%2C972&et=3&ja=0&ln=en-us&lo=0&lt=1789974755&rnd=1683727319&si=46a'] overflowX: False
- /category/java 200 console: [] err: [] failed: ['https://hm.baidu.com/hm.gif?hca=7B3813A2828651B8&cc=1&ck=1&cl=24-bit&ds=1440x900&vl=900&ep=994%2C994&et=3&ja=0&ln=en-us&lo=0&lt=1789974755&rnd=1802802822&si=46a'] overflowX: False
- /category/web 200 console: [] err: [] failed: ['https://hm.baidu.com/hm.gif?hca=7B3813A2828651B8&cc=1&ck=1&cl=24-bit&ds=1440x900&vl=900&ep=982%2C982&et=3&ja=0&ln=en-us&lo=0&lt=1789974755&rnd=1581742765&si=46a'] overflowX: False
- /category/api 200 console: [] err: [] failed: ['https://hm.baidu.com/hm.gif?hca=7B3813A2828651B8&cc=1&ck=1&cl=24-bit&ds=1440x900&vl=900&ep=987%2C987&et=3&ja=0&ln=en-us&lo=0&lt=1789974755&rnd=86686359&si=46ab2'] overflowX: False
- /category/file 200 console: [] err: [] failed: ['https://hm.baidu.com/hm.gif?hca=7B3813A2828651B8&cc=1&ck=1&cl=24-bit&ds=1440x900&vl=900&ep=978%2C978&et=3&ja=0&ln=en-us&lo=0&lt=1789974755&rnd=1239926417&si=46a'] overflowX: False
