routes: 68 flagged: 67 -> /Users/hao/WebstormProjects/web_tools/audit/raw/crawl_1440_light.json
- /favorites 200 console: [] err: [] failed: ['https://hm.baidu.com/hm.gif?hca=A6E113B2C6D62854&cc=1&ck=1&cl=24-bit&ds=1440x900&vl=900&ep=1028%2C1028&et=3&ja=0&ln=en-us&lo=0&rnd=1454053749&si=46ab2beec5b808b'] overflowX: False
- /recent 200 console: [] err: [] failed: ['https://hm.baidu.com/hm.gif?hca=A6E113B2C6D62854&cc=1&ck=1&cl=24-bit&ds=1440x900&vl=900&ep=1017%2C1017&et=3&ja=0&ln=en-us&lo=0&lt=1789968871&rnd=1379378978&si=4'] overflowX: False
- /settings 200 console: [] err: [] failed: ['https://hm.baidu.com/hm.gif?hca=A6E113B2C6D62854&cc=1&ck=1&cl=24-bit&ds=1440x900&vl=900&ep=986%2C986&et=3&ja=0&ln=en-us&lo=0&lt=1789968871&rnd=973064019&si=46ab'] overflowX: False
- /privacy 200 console: [] err: [] failed: ['https://hm.baidu.com/hm.gif?hca=A6E113B2C6D62854&cc=1&ck=1&cl=24-bit&ds=1440x900&vl=900&ep=978%2C978&et=3&ja=0&ln=en-us&lo=0&lt=1789968871&rnd=970395766&si=46ab'] overflowX: False
- /help 200 console: [] err: [] failed: ['https://hm.baidu.com/hm.gif?hca=A6E113B2C6D62854&cc=1&ck=1&cl=24-bit&ds=1440x900&vl=900&ep=1008%2C1008&et=3&ja=0&ln=en-us&lo=0&lt=1789968871&rnd=1519211096&si=4'] overflowX: False
- /offline 200 console: [] err: [] failed: ['https://hm.baidu.com/hm.gif?hca=A6E113B2C6D62854&cc=1&ck=1&cl=24-bit&ds=1440x900&vl=900&ep=952%2C951&et=3&ja=0&ln=en-us&lo=0&lt=1789968871&rnd=887978505&si=46ab'] overflowX: False
- /workflows 200 console: [] err: [] failed: ['https://hm.baidu.com/hm.gif?hca=A6E113B2C6D62854&cc=1&ck=1&cl=24-bit&ds=1440x900&vl=900&ep=973%2C973&et=3&ja=0&ln=en-us&lo=0&lt=1789968871&rnd=1112262782&si=46a'] overflowX: False
- /workflows/wf-order-snapshot 200 console: [] err: [] failed: ['https://hm.baidu.com/hm.gif?hca=A6E113B2C6D62854&cc=1&ck=1&cl=24-bit&ds=1440x900&vl=900&ep=954%2C954&et=3&ja=0&ln=en-us&lo=0&lt=1789968871&rnd=1205433649&si=46a'] overflowX: False
- /workflows/wf-config-convert 200 console: [] err: [] failed: ['https://hm.baidu.com/hm.gif?hca=A6E113B2C6D62854&cc=1&ck=1&cl=24-bit&ds=1440x900&vl=900&ep=960%2C960&et=3&ja=0&ln=en-us&lo=0&lt=1789968871&rnd=1684581870&si=46a'] overflowX: False
- /workflows/wf-response-check 200 console: [] err: [] failed: ['https://hm.baidu.com/hm.gif?hca=A6E113B2C6D62854&cc=1&ck=1&cl=24-bit&ds=1440x900&vl=900&ep=1069%2C1069&et=3&ja=0&ln=en-us&lo=0&lt=1789968871&rnd=1518358694&si=4'] overflowX: False
- /tools/does-not-exist 404 console: ['error: Failed to load resource: the server responded with a status of 404 (Not Found)', 'warning: [h3] Please prefer using `message` for longer error messages instead of `statusMessage`. In the future, `statusMessage` will be sanitized by default.'] err: [] failed: ['https://hm.baidu.com/hm.gif?hca=A6E113B2C6D62854&cc=1&ck=1&cl=24-bit&ds=1440x900&vl=900&ep=980%2C980&et=3&ja=0&ln=en-us&lo=0&lt=1789968871&rnd=227963556&si=46ab'] overflowX: False
- /category/nope 404 console: ['error: Failed to load resource: the server responded with a status of 404 (Not Found)', 'warning: [h3] Please prefer using `message` for longer error messages instead of `statusMessage`. In the future, `statusMessage` will be sanitized by default.'] err: [] failed: ['https://hm.baidu.com/hm.gif?hca=A6E113B2C6D62854&cc=1&ck=1&cl=24-bit&ds=1440x900&vl=900&ep=955%2C955&et=3&ja=0&ln=en-us&lo=0&lt=1789968871&rnd=1963197759&si=46a'] overflowX: False
- /nope 404 console: ['error: Failed to load resource: the server responded with a status of 404 (Not Found)', 'error: [NUXT_E1005]'] err: [] failed: ['https://hm.baidu.com/hm.gif?hca=A6E113B2C6D62854&cc=1&ck=1&cl=24-bit&ds=1440x900&vl=900&ep=964%2C964&et=3&ja=0&ln=en-us&lo=0&lt=1789968871&rnd=737246057&si=46ab'] overflowX: False
- /workflows/nope 404 console: ['error: Failed to load resource: the server responded with a status of 404 (Not Found)', 'warning: [h3] Please prefer using `message` for longer error messages instead of `statusMessage`. In the future, `statusMessage` will be sanitized by default.'] err: [] failed: ['https://hm.baidu.com/hm.gif?hca=A6E113B2C6D62854&cc=1&ck=1&cl=24-bit&ds=1440x900&vl=900&ep=978%2C978&et=3&ja=0&ln=en-us&lo=0&lt=1789968871&rnd=870535732&si=46ab'] overflowX: False
- /tools/json-format 200 console: [] err: [] failed: ['https://hm.baidu.com/hm.gif?hca=A6E113B2C6D62854&cc=1&ck=1&cl=24-bit&ds=1440x900&vl=900&ep=965%2C965&et=3&ja=0&ln=en-us&lo=0&lt=1789968871&rnd=1913467657&si=46a'] overflowX: False
- /tools/json-diff 200 console: [] err: [] failed: ['https://hm.baidu.com/hm.gif?hca=A6E113B2C6D62854&cc=1&ck=1&cl=24-bit&ds=1440x900&vl=900&ep=956%2C956&et=3&ja=0&ln=en-us&lo=0&lt=1789968871&rnd=101069928&si=46ab'] overflowX: False
- /tools/json-yaml 200 console: [] err: [] failed: ['https://hm.baidu.com/hm.gif?hca=A6E113B2C6D62854&cc=1&ck=1&cl=24-bit&ds=1440x900&vl=900&ep=977%2C977&et=3&ja=0&ln=en-us&lo=0&lt=1789968871&rnd=195207576&si=46ab'] overflowX: False
- /tools/csv-json 200 console: [] err: [] failed: ['https://hm.baidu.com/hm.gif?hca=A6E113B2C6D62854&cc=1&ck=1&cl=24-bit&ds=1440x900&vl=900&ep=956%2C956&et=3&ja=0&ln=en-us&lo=0&lt=1789968871&rnd=1697275252&si=46a'] overflowX: False
- /tools/sql-format 200 console: [] err: [] failed: ['https://hm.baidu.com/hm.gif?hca=A6E113B2C6D62854&cc=1&ck=1&cl=24-bit&ds=1440x900&vl=900&ep=972%2C972&et=3&ja=0&ln=en-us&lo=0&lt=1789968871&rnd=828727329&si=46ab'] overflowX: False
- /tools/xml-toolbox 200 console: [] err: [] failed: ['https://hm.baidu.com/hm.gif?hca=A6E113B2C6D62854&cc=1&ck=1&cl=24-bit&ds=1440x900&vl=900&ep=963%2C963&et=3&ja=0&ln=en-us&lo=0&lt=1789968871&rnd=7168160&si=46ab2b'] overflowX: False
- /tools/jsonpath-query 200 console: [] err: [] failed: ['https://hm.baidu.com/hm.gif?hca=A6E113B2C6D62854&cc=1&ck=1&cl=24-bit&ds=1440x900&vl=900&ep=959%2C959&et=3&ja=0&ln=en-us&lo=0&lt=1789968871&rnd=98614231&si=46ab2'] overflowX: False
- /tools/json-schema 200 console: [] err: [] failed: ['https://hm.baidu.com/hm.gif?hca=A6E113B2C6D62854&cc=1&ck=1&cl=24-bit&ds=1440x900&vl=900&ep=966%2C966&et=3&ja=0&ln=en-us&lo=0&lt=1789968871&rnd=1648415686&si=46a'] overflowX: False
- /tools/base64 200 console: [] err: [] failed: ['https://hm.baidu.com/hm.gif?hca=A6E113B2C6D62854&cc=1&ck=1&cl=24-bit&ds=1440x900&vl=900&ep=959%2C959&et=3&ja=0&ln=en-us&lo=0&lt=1789968871&rnd=331687473&si=46ab'] overflowX: False
- /tools/url-encode 200 console: [] err: [] failed: ['https://hm.baidu.com/hm.gif?hca=A6E113B2C6D62854&cc=1&ck=1&cl=24-bit&ds=1440x900&vl=900&ep=965%2C965&et=3&ja=0&ln=en-us&lo=0&lt=1789968871&rnd=1746794297&si=46a'] overflowX: False
- /tools/unicode-bytes 200 console: [] err: [] failed: ['https://hm.baidu.com/hm.gif?hca=A6E113B2C6D62854&cc=1&ck=1&cl=24-bit&ds=1440x900&vl=900&ep=968%2C968&et=3&ja=0&ln=en-us&lo=0&lt=1789968871&rnd=331509086&si=46ab'] overflowX: False
- /tools/text-dedup 200 console: [] err: [] failed: ['https://hm.baidu.com/hm.gif?hca=A6E113B2C6D62854&cc=1&ck=1&cl=24-bit&ds=1440x900&vl=900&ep=966%2C966&et=3&ja=0&ln=en-us&lo=0&lt=1789968871&rnd=82989644&si=46ab2'] overflowX: False
- /tools/case-convert 200 console: [] err: [] failed: ['https://hm.baidu.com/hm.gif?hca=A6E113B2C6D62854&cc=1&ck=1&cl=24-bit&ds=1440x900&vl=900&ep=959%2C959&et=3&ja=0&ln=en-us&lo=0&lt=1789968871&rnd=23263822&si=46ab2'] overflowX: False
- /tools/text-diff 200 console: [] err: [] failed: ['https://hm.baidu.com/hm.gif?hca=A6E113B2C6D62854&cc=1&ck=1&cl=24-bit&ds=1440x900&vl=900&ep=989%2C989&et=3&ja=0&ln=en-us&lo=0&lt=1789968871&rnd=180945080&si=46ab'] overflowX: False
- /tools/regex-test 200 console: [] err: [] failed: ['https://hm.baidu.com/hm.gif?hca=A6E113B2C6D62854&cc=1&ck=1&cl=24-bit&ds=1440x900&vl=900&ep=951%2C951&et=3&ja=0&ln=en-us&lo=0&lt=1789968871&rnd=671043945&si=46ab'] overflowX: False
- /tools/md5-sha 200 console: [] err: [] failed: ['https://hm.baidu.com/hm.gif?hca=A6E113B2C6D62854&cc=1&ck=1&cl=24-bit&ds=1440x900&vl=900&ep=955%2C955&et=3&ja=0&ln=en-us&lo=0&lt=1789968871&rnd=1430993731&si=46a'] overflowX: False
- /tools/hmac 200 console: [] err: [] failed: ['https://hm.baidu.com/hm.gif?hca=A6E113B2C6D62854&cc=1&ck=1&cl=24-bit&ds=1440x900&vl=900&ep=969%2C969&et=3&ja=0&ln=en-us&lo=0&lt=1789968871&rnd=981622866&si=46ab'] overflowX: False
- /tools/aes 200 console: [] err: [] failed: ['https://hm.baidu.com/hm.gif?hca=A6E113B2C6D62854&cc=1&ck=1&cl=24-bit&ds=1440x900&vl=900&ep=958%2C958&et=3&ja=0&ln=en-us&lo=0&lt=1789968871&rnd=1975257444&si=46a'] overflowX: False
- /tools/sm2 200 console: [] err: [] failed: ['https://hm.baidu.com/hm.gif?hca=A6E113B2C6D62854&cc=1&ck=1&cl=24-bit&ds=1440x900&vl=900&ep=968%2C968&et=3&ja=0&ln=en-us&lo=0&lt=1789968871&rnd=665021775&si=46ab'] overflowX: False
- /tools/sm3 200 console: [] err: [] failed: ['https://hm.baidu.com/hm.gif?hca=A6E113B2C6D62854&cc=1&ck=1&cl=24-bit&ds=1440x900&vl=900&ep=955%2C955&et=3&ja=0&ln=en-us&lo=0&lt=1789968871&rnd=1044061224&si=46a'] overflowX: False
- /tools/sm4 200 console: [] err: [] failed: ['https://hm.baidu.com/hm.gif?hca=A6E113B2C6D62854&cc=1&ck=1&cl=24-bit&ds=1440x900&vl=900&ep=965%2C965&et=3&ja=0&ln=en-us&lo=0&lt=1789968871&rnd=1241281544&si=46a'] overflowX: False
- /tools/timestamp 200 console: [] err: [] failed: ['https://hm.baidu.com/hm.gif?hca=A6E113B2C6D62854&cc=1&ck=1&cl=24-bit&ds=1440x900&vl=900&ep=981%2C981&et=3&ja=0&ln=en-us&lo=0&lt=1789968871&rnd=302972399&si=46ab'] overflowX: False
- /tools/uuid 200 console: [] err: [] failed: ['https://hm.baidu.com/hm.gif?hca=A6E113B2C6D62854&cc=1&ck=1&cl=24-bit&ds=1440x900&vl=900&ep=966%2C966&et=3&ja=0&ln=en-us&lo=0&lt=1789968871&rnd=256782443&si=46ab'] overflowX: False
- /tools/cron 200 console: [] err: [] failed: ['https://hm.baidu.com/hm.gif?hca=A6E113B2C6D62854&cc=1&ck=1&cl=24-bit&ds=1440x900&vl=900&ep=965%2C965&et=3&ja=0&ln=en-us&lo=0&lt=1789968871&rnd=389775801&si=46ab'] overflowX: False
- /tools/date-diff 200 console: [] err: [] failed: ['https://hm.baidu.com/hm.gif?hca=A6E113B2C6D62854&cc=1&ck=1&cl=24-bit&ds=1440x900&vl=900&ep=949%2C949&et=3&ja=0&ln=en-us&lo=0&lt=1789968871&rnd=347949595&si=46ab'] overflowX: False
- /tools/json2java 200 console: [] err: [] failed: ['https://hm.baidu.com/hm.gif?hca=A6E113B2C6D62854&cc=1&ck=1&cl=24-bit&ds=1440x900&vl=900&ep=993%2C993&et=3&ja=0&ln=en-us&lo=0&lt=1789968871&rnd=322036162&si=46ab'] overflowX: False
- /tools/java-escape 200 console: [] err: [] failed: ['https://hm.baidu.com/hm.gif?hca=A6E113B2C6D62854&cc=1&ck=1&cl=24-bit&ds=1440x900&vl=900&ep=957%2C957&et=3&ja=0&ln=en-us&lo=0&lt=1789968871&rnd=650199364&si=46ab'] overflowX: False
- /tools/properties-yaml 200 console: [] err: [] failed: ['https://hm.baidu.com/hm.gif?hca=A6E113B2C6D62854&cc=1&ck=1&cl=24-bit&ds=1440x900&vl=900&ep=957%2C957&et=3&ja=0&ln=en-us&lo=0&lt=1789968871&rnd=1997088294&si=46a'] overflowX: False
- /tools/stack-trace 200 console: [] err: [] failed: ['https://hm.baidu.com/hm.gif?hca=A6E113B2C6D62854&cc=1&ck=1&cl=24-bit&ds=1440x900&vl=900&ep=996%2C996&et=3&ja=0&ln=en-us&lo=0&lt=1789968871&rnd=456008168&si=46ab'] overflowX: False
- /tools/maven-gradle 200 console: [] err: [] failed: ['https://hm.baidu.com/hm.gif?hca=A6E113B2C6D62854&cc=1&ck=1&cl=24-bit&ds=1440x900&vl=900&ep=951%2C951&et=3&ja=0&ln=en-us&lo=0&lt=1789968871&rnd=1618089025&si=46a'] overflowX: False
- /tools/json2ts 200 console: [] err: [] failed: ['https://hm.baidu.com/hm.gif?hca=A6E113B2C6D62854&cc=1&ck=1&cl=24-bit&ds=1440x900&vl=900&ep=960%2C960&et=3&ja=0&ln=en-us&lo=0&lt=1789968871&rnd=158889376&si=46ab'] overflowX: False
- /tools/vue-sfc 200 console: [] err: [] failed: ['https://hm.baidu.com/hm.gif?hca=A6E113B2C6D62854&cc=1&ck=1&cl=24-bit&ds=1440x900&vl=900&ep=975%2C975&et=3&ja=0&ln=en-us&lo=0&lt=1789968871&rnd=409566403&si=46ab'] overflowX: False
- /tools/css-units 200 console: [] err: [] failed: ['https://hm.baidu.com/hm.gif?hca=A6E113B2C6D62854&cc=1&ck=1&cl=24-bit&ds=1440x900&vl=900&ep=983%2C983&et=3&ja=0&ln=en-us&lo=0&lt=1789968871&rnd=532493591&si=46ab'] overflowX: False
- /tools/color 200 console: [] err: [] failed: ['https://hm.baidu.com/hm.gif?hca=A6E113B2C6D62854&cc=1&ck=1&cl=24-bit&ds=1440x900&vl=900&ep=950%2C950&et=3&ja=0&ln=en-us&lo=0&lt=1789968871&rnd=692115507&si=46ab'] overflowX: False
- /tools/svg 200 console: [] err: [] failed: ['https://hm.baidu.com/hm.gif?hca=A6E113B2C6D62854&cc=1&ck=1&cl=24-bit&ds=1440x900&vl=900&ep=956%2C956&et=3&ja=0&ln=en-us&lo=0&lt=1789968871&rnd=1535212656&si=46a'] overflowX: False
- /tools/html-format 200 console: [] err: [] failed: ['https://hm.baidu.com/hm.gif?hca=A6E113B2C6D62854&cc=1&ck=1&cl=24-bit&ds=1440x900&vl=900&ep=977%2C977&et=3&ja=0&ln=en-us&lo=0&lt=1789968871&rnd=765960755&si=46ab'] overflowX: False
- /tools/jwt 200 console: [] err: [] failed: ['https://hm.baidu.com/hm.gif?hca=A6E113B2C6D62854&cc=1&ck=1&cl=24-bit&ds=1440x900&vl=900&ep=956%2C956&et=3&ja=0&ln=en-us&lo=0&lt=1789968871&rnd=1204900911&si=46a'] overflowX: False
- /tools/url-params 200 console: [] err: [] failed: ['https://hm.baidu.com/hm.gif?hca=A6E113B2C6D62854&cc=1&ck=1&cl=24-bit&ds=1440x900&vl=900&ep=957%2C957&et=3&ja=0&ln=en-us&lo=0&lt=1789968871&rnd=1722430502&si=46a'] overflowX: False
- /tools/curl-convert 200 console: [] err: [] failed: ['https://hm.baidu.com/hm.gif?hca=A6E113B2C6D62854&cc=1&ck=1&cl=24-bit&ds=1440x900&vl=900&ep=964%2C964&et=3&ja=0&ln=en-us&lo=0&lt=1789968871&rnd=1499512429&si=46a'] overflowX: False
- /tools/http-status 200 console: [] err: [] failed: ['https://hm.baidu.com/hm.gif?hca=A6E113B2C6D62854&cc=1&ck=1&cl=24-bit&ds=1440x900&vl=900&ep=951%2C951&et=3&ja=0&ln=en-us&lo=0&lt=1789968871&rnd=1351970253&si=46a'] overflowX: False
- /tools/file-digest 200 console: [] err: [] failed: ['https://hm.baidu.com/hm.gif?hca=A6E113B2C6D62854&cc=1&ck=1&cl=24-bit&ds=1440x900&vl=900&ep=951%2C951&et=3&ja=0&ln=en-us&lo=0&lt=1789968871&rnd=416744434&si=46ab'] overflowX: False
- /tools/image-compress 200 console: [] err: [] failed: ['https://hm.baidu.com/hm.gif?hca=A6E113B2C6D62854&cc=1&ck=1&cl=24-bit&ds=1440x900&vl=900&ep=979%2C979&et=3&ja=0&ln=en-us&lo=0&lt=1789968871&rnd=1669557725&si=46a'] overflowX: False
- /tools/qrcode 200 console: [] err: [] failed: ['https://hm.baidu.com/hm.gif?hca=A6E113B2C6D62854&cc=1&ck=1&cl=24-bit&ds=1440x900&vl=900&ep=950%2C950&et=3&ja=0&ln=en-us&lo=0&lt=1789968871&rnd=1341873954&si=46a'] overflowX: False
- /tools/text-encoding 200 console: [] err: [] failed: ['https://hm.baidu.com/hm.gif?hca=A6E113B2C6D62854&cc=1&ck=1&cl=24-bit&ds=1440x900&vl=900&ep=957%2C957&et=3&ja=0&ln=en-us&lo=0&lt=1789968871&rnd=2123030656&si=46a'] overflowX: False
- /tools/file-base64 200 console: [] err: [] failed: ['https://hm.baidu.com/hm.gif?hca=A6E113B2C6D62854&cc=1&ck=1&cl=24-bit&ds=1440x900&vl=900&ep=954%2C954&et=3&ja=0&ln=en-us&lo=0&lt=1789968871&rnd=1139891130&si=46a'] overflowX: False
- /category/format 200 console: [] err: [] failed: ['https://hm.baidu.com/hm.gif?hca=A6E113B2C6D62854&cc=1&ck=1&cl=24-bit&ds=1440x900&vl=900&ep=947%2C947&et=3&ja=0&ln=en-us&lo=0&lt=1789968871&rnd=2016091134&si=46a'] overflowX: False
- /category/text 200 console: [] err: [] failed: ['https://hm.baidu.com/hm.gif?hca=A6E113B2C6D62854&cc=1&ck=1&cl=24-bit&ds=1440x900&vl=900&ep=956%2C956&et=3&ja=0&ln=en-us&lo=0&lt=1789968871&rnd=929450268&si=46ab'] overflowX: False
- /category/crypto 200 console: [] err: [] failed: ['https://hm.baidu.com/hm.gif?hca=A6E113B2C6D62854&cc=1&ck=1&cl=24-bit&ds=1440x900&vl=900&ep=952%2C952&et=3&ja=0&ln=en-us&lo=0&lt=1789968871&rnd=1940989285&si=46a'] overflowX: False
- /category/time 200 console: [] err: [] failed: ['https://hm.baidu.com/hm.gif?hca=A6E113B2C6D62854&cc=1&ck=1&cl=24-bit&ds=1440x900&vl=900&ep=955%2C955&et=3&ja=0&ln=en-us&lo=0&lt=1789968871&rnd=2001230612&si=46a'] overflowX: False
- /category/java 200 console: [] err: [] failed: ['https://hm.baidu.com/hm.gif?hca=A6E113B2C6D62854&cc=1&ck=1&cl=24-bit&ds=1440x900&vl=900&ep=956%2C956&et=3&ja=0&ln=en-us&lo=0&lt=1789968871&rnd=2126270411&si=46a'] overflowX: False
- /category/web 200 console: [] err: [] failed: ['https://hm.baidu.com/hm.gif?hca=A6E113B2C6D62854&cc=1&ck=1&cl=24-bit&ds=1440x900&vl=900&ep=951%2C951&et=3&ja=0&ln=en-us&lo=0&lt=1789968871&rnd=2002813797&si=46a'] overflowX: False
- /category/api 200 console: [] err: [] failed: ['https://hm.baidu.com/hm.gif?hca=A6E113B2C6D62854&cc=1&ck=1&cl=24-bit&ds=1440x900&vl=900&ep=952%2C952&et=3&ja=0&ln=en-us&lo=0&lt=1789968871&rnd=1483443930&si=46a'] overflowX: False
- /category/file 200 console: [] err: [] failed: ['https://hm.baidu.com/hm.gif?hca=A6E113B2C6D62854&cc=1&ck=1&cl=24-bit&ds=1440x900&vl=900&ep=965%2C965&et=3&ja=0&ln=en-us&lo=0&lt=1789968871&rnd=2110500872&si=46a'] overflowX: False
