routes: 68 flagged: 66 -> /Users/hao/WebstormProjects/web_tools/audit/raw/crawl_390_light.json
- /favorites 200 console: [] err: [] failed: ['https://hm.baidu.com/hm.gif?hca=E23219CC40C452B4&cc=1&ck=1&cl=24-bit&ds=390x844&vl=844&ep=961%2C961&et=3&ja=0&ln=en-us&lo=0&rnd=893298943&si=46ab2beec5b808b1fc6'] overflowX: False
- /recent 200 console: [] err: [] failed: ['https://hm.baidu.com/hm.gif?hca=E23219CC40C452B4&cc=1&ck=1&cl=24-bit&ds=390x844&vl=844&ep=1231%2C1231&et=3&ja=0&ln=en-us&lo=0&lt=1789974831&rnd=1741942294&si=46'] overflowX: False
- /settings 200 console: [] err: [] failed: ['https://hm.baidu.com/hm.gif?hca=E23219CC40C452B4&cc=1&ck=1&cl=24-bit&ds=390x844&vl=844&ep=967%2C967&et=3&ja=0&ln=en-us&lo=0&lt=1789974831&rnd=1633953723&si=46ab'] overflowX: False
- /privacy 200 console: [] err: [] failed: ['https://hm.baidu.com/hm.gif?hca=E23219CC40C452B4&cc=1&ck=1&cl=24-bit&ds=390x844&vl=844&ep=987%2C987&et=3&ja=0&ln=en-us&lo=0&lt=1789974831&rnd=311655185&si=46ab2'] overflowX: False
- /help 200 console: [] err: [] failed: ['https://hm.baidu.com/hm.gif?hca=E23219CC40C452B4&cc=1&ck=1&cl=24-bit&ds=390x844&vl=844&ep=979%2C979&et=3&ja=0&ln=en-us&lo=0&lt=1789974831&rnd=100839034&si=46ab2'] overflowX: False
- /offline 200 console: [] err: [] failed: ['https://hm.baidu.com/hm.gif?hca=E23219CC40C452B4&cc=1&ck=1&cl=24-bit&ds=390x844&vl=844&ep=1042%2C1042&et=3&ja=0&ln=en-us&lo=0&lt=1789974831&rnd=2115188276&si=46'] overflowX: False
- /workflows 200 console: [] err: [] failed: ['https://hm.baidu.com/hm.gif?hca=E23219CC40C452B4&cc=1&ck=1&cl=24-bit&ds=390x844&vl=844&ep=966%2C966&et=3&ja=0&ln=en-us&lo=0&lt=1789974831&rnd=985103254&si=46ab2'] overflowX: False
- /workflows/wf-order-snapshot 200 console: [] err: [] failed: ['https://hm.baidu.com/hm.gif?hca=E23219CC40C452B4&cc=1&ck=1&cl=24-bit&ds=390x844&vl=844&ep=1038%2C1038&et=3&ja=0&ln=en-us&lo=0&lt=1789974831&rnd=1769032288&si=46'] overflowX: False
- /workflows/wf-config-convert 200 console: [] err: [] failed: ['https://hm.baidu.com/hm.gif?hca=E23219CC40C452B4&cc=1&ck=1&cl=24-bit&ds=390x844&vl=844&ep=1038%2C1038&et=3&ja=0&ln=en-us&lo=0&lt=1789974831&rnd=237338757&si=46a'] overflowX: False
- /workflows/wf-response-check 200 console: [] err: [] failed: ['https://hm.baidu.com/hm.gif?hca=E23219CC40C452B4&cc=1&ck=1&cl=24-bit&ds=390x844&vl=844&ep=1092%2C1092&et=3&ja=0&ln=en-us&lo=0&lt=1789974831&rnd=868800126&si=46a'] overflowX: False
- /tools/does-not-exist 404 console: ['error: Failed to load resource: the server responded with a status of 404 (Not Found)', 'warning: [h3] Please prefer using `message` for longer error messages instead of `statusMessage`. In the future, `statusMessage` will be sanitized by default.'] err: [] failed: ['https://hm.baidu.com/hm.gif?hca=E23219CC40C452B4&cc=1&ck=1&cl=24-bit&ds=390x844&vl=844&ep=998%2C998&et=3&ja=0&ln=en-us&lo=0&lt=1789974831&rnd=1718004310&si=46ab'] overflowX: False
- /category/nope 404 console: ['error: Failed to load resource: the server responded with a status of 404 (Not Found)', 'warning: [h3] Please prefer using `message` for longer error messages instead of `statusMessage`. In the future, `statusMessage` will be sanitized by default.'] err: [] failed: ['https://hm.baidu.com/hm.gif?hca=E23219CC40C452B4&cc=1&ck=1&cl=24-bit&ds=390x844&vl=844&ep=1009%2C1009&et=3&ja=0&ln=en-us&lo=0&lt=1789974831&rnd=626464085&si=46a'] overflowX: False
- /nope 404 console: ['error: Failed to load resource: the server responded with a status of 404 (Not Found)', 'error: [NUXT_E1005]'] err: [] failed: ['https://hm.baidu.com/hm.gif?hca=E23219CC40C452B4&cc=1&ck=1&cl=24-bit&ds=390x844&vl=844&ep=1027%2C1027&et=3&ja=0&ln=en-us&lo=0&lt=1789974831&rnd=773520242&si=46a'] overflowX: False
- /workflows/nope 404 console: ['error: Failed to load resource: the server responded with a status of 404 (Not Found)', 'warning: [h3] Please prefer using `message` for longer error messages instead of `statusMessage`. In the future, `statusMessage` will be sanitized by default.'] err: [] failed: ['https://hm.baidu.com/hm.gif?hca=E23219CC40C452B4&cc=1&ck=1&cl=24-bit&ds=390x844&vl=844&ep=977%2C977&et=3&ja=0&ln=en-us&lo=0&lt=1789974831&rnd=73980147&si=46ab2b'] overflowX: False
- /tools/json-diff 200 console: [] err: [] failed: ['https://hm.baidu.com/hm.gif?hca=E23219CC40C452B4&cc=1&ck=1&cl=24-bit&ds=390x844&vl=844&ep=1027%2C1027&et=3&ja=0&ln=en-us&lo=0&lt=1789974831&rnd=1563463638&si=46'] overflowX: False
- /tools/json-yaml 200 console: [] err: [] failed: ['https://hm.baidu.com/hm.gif?hca=E23219CC40C452B4&cc=1&ck=1&cl=24-bit&ds=390x844&vl=844&ep=1024%2C1024&et=3&ja=0&ln=en-us&lo=0&lt=1789974831&rnd=1149571395&si=46'] overflowX: False
- /tools/csv-json 200 console: [] err: [] failed: ['https://hm.baidu.com/hm.gif?hca=E23219CC40C452B4&cc=1&ck=1&cl=24-bit&ds=390x844&vl=844&ep=969%2C969&et=3&ja=0&ln=en-us&lo=0&lt=1789974831&rnd=650804942&si=46ab2'] overflowX: False
- /tools/sql-format 200 console: [] err: [] failed: ['https://hm.baidu.com/hm.gif?hca=E23219CC40C452B4&cc=1&ck=1&cl=24-bit&ds=390x844&vl=844&ep=1014%2C1014&et=3&ja=0&ln=en-us&lo=0&lt=1789974831&rnd=940630731&si=46a'] overflowX: False
- /tools/xml-toolbox 200 console: [] err: [] failed: ['https://hm.baidu.com/hm.gif?hca=E23219CC40C452B4&cc=1&ck=1&cl=24-bit&ds=390x844&vl=844&ep=1060%2C1060&et=3&ja=0&ln=en-us&lo=0&lt=1789974831&rnd=298626798&si=46a'] overflowX: False
- /tools/jsonpath-query 200 console: [] err: [] failed: ['https://hm.baidu.com/hm.gif?hca=E23219CC40C452B4&cc=1&ck=1&cl=24-bit&ds=390x844&vl=844&ep=999%2C999&et=3&ja=0&ln=en-us&lo=0&lt=1789974831&rnd=314372132&si=46ab2'] overflowX: False
- /tools/json-schema 200 console: [] err: [] failed: ['https://hm.baidu.com/hm.gif?hca=E23219CC40C452B4&cc=1&ck=1&cl=24-bit&ds=390x844&vl=844&ep=976%2C976&et=3&ja=0&ln=en-us&lo=0&lt=1789974831&rnd=1793714738&si=46ab'] overflowX: False
- /tools/base64 200 console: [] err: [] failed: ['https://hm.baidu.com/hm.gif?hca=E23219CC40C452B4&cc=1&ck=1&cl=24-bit&ds=390x844&vl=844&ep=1068%2C1068&et=3&ja=0&ln=en-us&lo=0&lt=1789974831&rnd=1147967769&si=46'] overflowX: False
- /tools/url-encode 200 console: [] err: [] failed: ['https://hm.baidu.com/hm.gif?hca=E23219CC40C452B4&cc=1&ck=1&cl=24-bit&ds=390x844&vl=844&ep=1049%2C1049&et=3&ja=0&ln=en-us&lo=0&lt=1789974831&rnd=1334350171&si=46'] overflowX: False
- /tools/unicode-bytes 200 console: [] err: [] failed: ['https://hm.baidu.com/hm.gif?hca=E23219CC40C452B4&cc=1&ck=1&cl=24-bit&ds=390x844&vl=844&ep=1000%2C1000&et=3&ja=0&ln=en-us&lo=0&lt=1789974831&rnd=120485314&si=46a'] overflowX: False
- /tools/text-dedup 200 console: [] err: [] failed: ['https://hm.baidu.com/hm.gif?hca=E23219CC40C452B4&cc=1&ck=1&cl=24-bit&ds=390x844&vl=844&ep=1157%2C1157&et=3&ja=0&ln=en-us&lo=0&lt=1789974831&rnd=354051287&si=46a'] overflowX: False
- /tools/case-convert 200 console: [] err: [] failed: ['https://hm.baidu.com/hm.gif?hca=E23219CC40C452B4&cc=1&ck=1&cl=24-bit&ds=390x844&vl=844&ep=1096%2C1095&et=3&ja=0&ln=en-us&lo=0&lt=1789974831&rnd=1680953385&si=46'] overflowX: False
- /tools/text-diff 200 console: [] err: [] failed: ['https://hm.baidu.com/hm.gif?hca=E23219CC40C452B4&cc=1&ck=1&cl=24-bit&ds=390x844&vl=844&ep=1026%2C1026&et=3&ja=0&ln=en-us&lo=0&lt=1789974831&rnd=246433256&si=46a'] overflowX: False
- /tools/regex-test 200 console: [] err: [] failed: ['https://hm.baidu.com/hm.gif?hca=E23219CC40C452B4&cc=1&ck=1&cl=24-bit&ds=390x844&vl=844&ep=1234%2C1234&et=3&ja=0&ln=en-us&lo=0&lt=1789974831&rnd=1655652230&si=46'] overflowX: False
- /tools/md5-sha 200 console: [] err: [] failed: ['https://hm.baidu.com/hm.gif?hca=E23219CC40C452B4&cc=1&ck=1&cl=24-bit&ds=390x844&vl=844&ep=1119%2C1119&et=3&ja=0&ln=en-us&lo=0&lt=1789974831&rnd=1092427271&si=46'] overflowX: False
- /tools/hmac 200 console: [] err: [] failed: ['https://hm.baidu.com/hm.gif?hca=E23219CC40C452B4&cc=1&ck=1&cl=24-bit&ds=390x844&vl=844&ep=1254%2C1254&et=3&ja=0&ln=en-us&lo=0&lt=1789974831&rnd=50864863&si=46ab'] overflowX: False
- /tools/aes 200 console: [] err: [] failed: ['https://hm.baidu.com/hm.gif?hca=E23219CC40C452B4&cc=1&ck=1&cl=24-bit&ds=390x844&vl=844&ep=958%2C958&et=3&ja=0&ln=en-us&lo=0&lt=1789974831&rnd=848670477&si=46ab2'] overflowX: False
- /tools/sm2 200 console: [] err: [] failed: ['https://hm.baidu.com/hm.gif?hca=E23219CC40C452B4&cc=1&ck=1&cl=24-bit&ds=390x844&vl=844&ep=1080%2C1080&et=3&ja=0&ln=en-us&lo=0&lt=1789974831&rnd=1952826222&si=46'] overflowX: False
- /tools/sm3 200 console: [] err: [] failed: ['https://hm.baidu.com/hm.gif?hca=E23219CC40C452B4&cc=1&ck=1&cl=24-bit&ds=390x844&vl=844&ep=1194%2C1194&et=3&ja=0&ln=en-us&lo=0&lt=1789974831&rnd=1840941652&si=46'] overflowX: False
- /tools/sm4 200 console: [] err: [] failed: ['https://hm.baidu.com/hm.gif?hca=E23219CC40C452B4&cc=1&ck=1&cl=24-bit&ds=390x844&vl=844&ep=1036%2C1036&et=3&ja=0&ln=en-us&lo=0&lt=1789974831&rnd=631325694&si=46a'] overflowX: False
- /tools/timestamp 200 console: [] err: [] failed: ['https://hm.baidu.com/hm.gif?hca=E23219CC40C452B4&cc=1&ck=1&cl=24-bit&ds=390x844&vl=844&ep=1062%2C1062&et=3&ja=0&ln=en-us&lo=0&lt=1789974831&rnd=1721211505&si=46'] overflowX: False
- /tools/uuid 200 console: [] err: [] failed: ['https://hm.baidu.com/hm.gif?hca=E23219CC40C452B4&cc=1&ck=1&cl=24-bit&ds=390x844&vl=844&ep=996%2C996&et=3&ja=0&ln=en-us&lo=0&lt=1789974831&rnd=1464358527&si=46ab'] overflowX: False
- /tools/cron 200 console: [] err: [] failed: ['https://hm.baidu.com/hm.gif?hca=E23219CC40C452B4&cc=1&ck=1&cl=24-bit&ds=390x844&vl=844&ep=2038%2C2038&et=3&ja=0&ln=en-us&lo=0&lt=1789974831&rnd=764612191&si=46a'] overflowX: False
- /tools/date-diff 200 console: [] err: [] failed: ['https://hm.baidu.com/hm.gif?hca=E23219CC40C452B4&cc=1&ck=1&cl=24-bit&ds=390x844&vl=844&ep=996%2C996&et=3&ja=0&ln=en-us&lo=0&lt=1789974831&rnd=976596748&si=46ab2'] overflowX: False
- /tools/json2java 200 console: [] err: [] failed: ['https://hm.baidu.com/hm.gif?hca=E23219CC40C452B4&cc=1&ck=1&cl=24-bit&ds=390x844&vl=844&ep=977%2C977&et=3&ja=0&ln=en-us&lo=0&lt=1789974831&rnd=863141033&si=46ab2'] overflowX: False
- /tools/java-escape 200 console: [] err: [] failed: ['https://hm.baidu.com/hm.gif?hca=E23219CC40C452B4&cc=1&ck=1&cl=24-bit&ds=390x844&vl=844&ep=1078%2C1078&et=3&ja=0&ln=en-us&lo=0&lt=1789974831&rnd=1728618107&si=46'] overflowX: False
- /tools/properties-yaml 200 console: [] err: [] failed: ['https://hm.baidu.com/hm.gif?hca=E23219CC40C452B4&cc=1&ck=1&cl=24-bit&ds=390x844&vl=844&ep=1057%2C1057&et=3&ja=0&ln=en-us&lo=0&lt=1789974831&rnd=970906328&si=46a'] overflowX: False
- /tools/stack-trace 200 console: [] err: [] failed: ['https://hm.baidu.com/hm.gif?hca=E23219CC40C452B4&cc=1&ck=1&cl=24-bit&ds=390x844&vl=844&ep=1017%2C1016&et=3&ja=0&ln=en-us&lo=0&lt=1789974831&rnd=361280231&si=46a'] overflowX: False
- /tools/maven-gradle 200 console: [] err: [] failed: ['https://hm.baidu.com/hm.gif?hca=E23219CC40C452B4&cc=1&ck=1&cl=24-bit&ds=390x844&vl=844&ep=988%2C988&et=3&ja=0&ln=en-us&lo=0&lt=1789974831&rnd=878259738&si=46ab2'] overflowX: False
- /tools/json2ts 200 console: [] err: [] failed: ['https://hm.baidu.com/hm.gif?hca=E23219CC40C452B4&cc=1&ck=1&cl=24-bit&ds=390x844&vl=844&ep=1078%2C1078&et=3&ja=0&ln=en-us&lo=0&lt=1789974831&rnd=139692309&si=46a'] overflowX: False
- /tools/vue-sfc 200 console: [] err: [] failed: ['https://hm.baidu.com/hm.gif?hca=E23219CC40C452B4&cc=1&ck=1&cl=24-bit&ds=390x844&vl=844&ep=1224%2C1224&et=3&ja=0&ln=en-us&lo=0&lt=1789974831&rnd=672241114&si=46a'] overflowX: False
- /tools/css-units 200 console: [] err: [] failed: ['https://hm.baidu.com/hm.gif?hca=E23219CC40C452B4&cc=1&ck=1&cl=24-bit&ds=390x844&vl=844&ep=980%2C980&et=3&ja=0&ln=en-us&lo=0&lt=1789974831&rnd=846382543&si=46ab2'] overflowX: False
- /tools/color 200 console: [] err: [] failed: ['https://hm.baidu.com/hm.gif?hca=E23219CC40C452B4&cc=1&ck=1&cl=24-bit&ds=390x844&vl=844&ep=1183%2C1183&et=3&ja=0&ln=en-us&lo=0&lt=1789974831&rnd=1425009037&si=46'] overflowX: False
- /tools/svg 200 console: [] err: [] failed: ['https://hm.baidu.com/hm.gif?hca=E23219CC40C452B4&cc=1&ck=1&cl=24-bit&ds=390x844&vl=844&ep=1124%2C1124&et=3&ja=0&ln=en-us&lo=0&lt=1789974831&rnd=1803071419&si=46'] overflowX: False
- /tools/html-format 200 console: [] err: [] failed: ['https://hm.baidu.com/hm.gif?hca=E23219CC40C452B4&cc=1&ck=1&cl=24-bit&ds=390x844&vl=844&ep=1016%2C1016&et=3&ja=0&ln=en-us&lo=0&lt=1789974831&rnd=328936979&si=46a'] overflowX: False
- /tools/jwt 200 console: [] err: [] failed: ['https://hm.baidu.com/hm.gif?hca=E23219CC40C452B4&cc=1&ck=1&cl=24-bit&ds=390x844&vl=844&ep=976%2C976&et=3&ja=0&ln=en-us&lo=0&lt=1789974831&rnd=167536492&si=46ab2'] overflowX: False
- /tools/url-params 200 console: [] err: [] failed: ['https://hm.baidu.com/hm.gif?hca=E23219CC40C452B4&cc=1&ck=1&cl=24-bit&ds=390x844&vl=844&ep=955%2C955&et=3&ja=0&ln=en-us&lo=0&lt=1789974831&rnd=929426630&si=46ab2'] overflowX: False
- /tools/curl-convert 200 console: [] err: [] failed: ['https://hm.baidu.com/hm.gif?hca=E23219CC40C452B4&cc=1&ck=1&cl=24-bit&ds=390x844&vl=844&ep=1192%2C1192&et=3&ja=0&ln=en-us&lo=0&lt=1789974831&rnd=1624347045&si=46'] overflowX: False
- /tools/http-status 200 console: [] err: [] failed: ['https://hm.baidu.com/hm.gif?hca=E23219CC40C452B4&cc=1&ck=1&cl=24-bit&ds=390x844&vl=844&ep=982%2C982&et=3&ja=0&ln=en-us&lo=0&lt=1789974831&rnd=1953674937&si=46ab'] overflowX: False
- /tools/file-digest 200 console: [] err: [] failed: ['https://hm.baidu.com/hm.gif?hca=E23219CC40C452B4&cc=1&ck=1&cl=24-bit&ds=390x844&vl=844&ep=1017%2C1017&et=3&ja=0&ln=en-us&lo=0&lt=1789974831&rnd=130471133&si=46a'] overflowX: False
- /tools/image-compress 200 console: [] err: [] failed: ['https://hm.baidu.com/hm.gif?hca=E23219CC40C452B4&cc=1&ck=1&cl=24-bit&ds=390x844&vl=844&ep=1094%2C1094&et=3&ja=0&ln=en-us&lo=0&lt=1789974831&rnd=1142261059&si=46'] overflowX: False
- /tools/qrcode 200 console: [] err: [] failed: ['https://hm.baidu.com/hm.gif?hca=E23219CC40C452B4&cc=1&ck=1&cl=24-bit&ds=390x844&vl=844&ep=1033%2C1033&et=3&ja=0&ln=en-us&lo=0&lt=1789974831&rnd=1131359876&si=46'] overflowX: False
- /tools/text-encoding 200 console: [] err: [] failed: ['https://hm.baidu.com/hm.gif?hca=E23219CC40C452B4&cc=1&ck=1&cl=24-bit&ds=390x844&vl=844&ep=1087%2C1087&et=3&ja=0&ln=en-us&lo=0&lt=1789974831&rnd=1681261517&si=46'] overflowX: False
- /tools/file-base64 200 console: [] err: [] failed: ['https://hm.baidu.com/hm.gif?hca=E23219CC40C452B4&cc=1&ck=1&cl=24-bit&ds=390x844&vl=844&ep=982%2C982&et=3&ja=0&ln=en-us&lo=0&lt=1789974831&rnd=1142590008&si=46ab'] overflowX: False
- /category/format 200 console: [] err: [] failed: ['https://hm.baidu.com/hm.gif?hca=E23219CC40C452B4&cc=1&ck=1&cl=24-bit&ds=390x844&vl=844&ep=954%2C954&et=3&ja=0&ln=en-us&lo=0&lt=1789974831&rnd=185651976&si=46ab2'] overflowX: False
- /category/text 200 console: [] err: [] failed: ['https://hm.baidu.com/hm.gif?hca=E23219CC40C452B4&cc=1&ck=1&cl=24-bit&ds=390x844&vl=844&ep=994%2C994&et=3&ja=0&ln=en-us&lo=0&lt=1789974831&rnd=2021910645&si=46ab'] overflowX: False
- /category/crypto 200 console: [] err: [] failed: ['https://hm.baidu.com/hm.gif?hca=E23219CC40C452B4&cc=1&ck=1&cl=24-bit&ds=390x844&vl=844&ep=960%2C960&et=3&ja=0&ln=en-us&lo=0&lt=1789974831&rnd=1834158599&si=46ab'] overflowX: False
- /category/time 200 console: [] err: [] failed: ['https://hm.baidu.com/hm.gif?hca=E23219CC40C452B4&cc=1&ck=1&cl=24-bit&ds=390x844&vl=844&ep=970%2C970&et=3&ja=0&ln=en-us&lo=0&lt=1789974831&rnd=948634447&si=46ab2'] overflowX: False
- /category/java 200 console: [] err: [] failed: ['https://hm.baidu.com/hm.gif?hca=E23219CC40C452B4&cc=1&ck=1&cl=24-bit&ds=390x844&vl=844&ep=957%2C957&et=3&ja=0&ln=en-us&lo=0&lt=1789974831&rnd=1173779897&si=46ab'] overflowX: False
- /category/web 200 console: [] err: [] failed: ['https://hm.baidu.com/hm.gif?hca=E23219CC40C452B4&cc=1&ck=1&cl=24-bit&ds=390x844&vl=844&ep=956%2C956&et=3&ja=0&ln=en-us&lo=0&lt=1789974831&rnd=1170215889&si=46ab'] overflowX: False
- /category/api 200 console: [] err: [] failed: ['https://hm.baidu.com/hm.gif?hca=E23219CC40C452B4&cc=1&ck=1&cl=24-bit&ds=390x844&vl=844&ep=956%2C956&et=3&ja=0&ln=en-us&lo=0&lt=1789974831&rnd=638568568&si=46ab2'] overflowX: False
- /category/file 200 console: [] err: [] failed: ['https://hm.baidu.com/hm.gif?hca=E23219CC40C452B4&cc=1&ck=1&cl=24-bit&ds=390x844&vl=844&ep=958%2C958&et=3&ja=0&ln=en-us&lo=0&lt=1789974831&rnd=1195171312&si=46ab'] overflowX: False
