routes: 68 flagged: 66 -> /Users/hao/WebstormProjects/web_tools/audit/raw/crawl_390_light.json
- /favorites 200 console: [] err: [] failed: ['https://hm.baidu.com/hm.gif?hca=36927C1CBAB686D2&cc=1&ck=1&cl=24-bit&ds=390x844&vl=844&ep=1046%2C1046&et=3&ja=0&ln=en-us&lo=0&rnd=261593998&si=46ab2beec5b808b1f'] overflowX: False
- /recent 200 console: [] err: [] failed: ['https://hm.baidu.com/hm.gif?hca=36927C1CBAB686D2&cc=1&ck=1&cl=24-bit&ds=390x844&vl=844&ep=978%2C978&et=3&ja=0&ln=en-us&lo=0&lt=1789968871&rnd=1411039653&si=46ab'] overflowX: False
- /settings 200 console: [] err: [] failed: ['https://hm.baidu.com/hm.gif?hca=36927C1CBAB686D2&cc=1&ck=1&cl=24-bit&ds=390x844&vl=844&ep=1016%2C1016&et=3&ja=0&ln=en-us&lo=0&lt=1789968871&rnd=1622740473&si=46'] overflowX: False
- /privacy 200 console: [] err: [] failed: ['https://hm.baidu.com/hm.gif?hca=36927C1CBAB686D2&cc=1&ck=1&cl=24-bit&ds=390x844&vl=844&ep=1240%2C1240&et=3&ja=0&ln=en-us&lo=0&lt=1789968871&rnd=565599265&si=46a'] overflowX: False
- /help 200 console: [] err: [] failed: ['https://hm.baidu.com/hm.gif?hca=36927C1CBAB686D2&cc=1&ck=1&cl=24-bit&ds=390x844&vl=844&ep=1003%2C1003&et=3&ja=0&ln=en-us&lo=0&lt=1789968871&rnd=1268833134&si=46'] overflowX: False
- /offline 200 console: [] err: [] failed: ['https://hm.baidu.com/hm.gif?hca=36927C1CBAB686D2&cc=1&ck=1&cl=24-bit&ds=390x844&vl=844&ep=957%2C957&et=3&ja=0&ln=en-us&lo=0&lt=1789968871&rnd=1396616639&si=46ab'] overflowX: False
- /workflows 200 console: [] err: [] failed: ['https://hm.baidu.com/hm.gif?hca=36927C1CBAB686D2&cc=1&ck=1&cl=24-bit&ds=390x844&vl=844&ep=1021%2C1021&et=3&ja=0&ln=en-us&lo=0&lt=1789968871&rnd=2083308944&si=46'] overflowX: False
- /workflows/wf-order-snapshot 200 console: [] err: [] failed: ['https://hm.baidu.com/hm.gif?hca=36927C1CBAB686D2&cc=1&ck=1&cl=24-bit&ds=390x844&vl=844&ep=986%2C986&et=3&ja=0&ln=en-us&lo=0&lt=1789968871&rnd=240060529&si=46ab2'] overflowX: False
- /workflows/wf-config-convert 200 console: [] err: [] failed: ['https://hm.baidu.com/hm.gif?hca=36927C1CBAB686D2&cc=1&ck=1&cl=24-bit&ds=390x844&vl=844&ep=972%2C972&et=3&ja=0&ln=en-us&lo=0&lt=1789968871&rnd=1206990221&si=46ab'] overflowX: False
- /workflows/wf-response-check 200 console: [] err: [] failed: ['https://hm.baidu.com/hm.gif?hca=36927C1CBAB686D2&cc=1&ck=1&cl=24-bit&ds=390x844&vl=844&ep=1094%2C1094&et=3&ja=0&ln=en-us&lo=0&lt=1789968871&rnd=583137555&si=46a'] overflowX: False
- /tools/does-not-exist 404 console: ['error: Failed to load resource: the server responded with a status of 404 (Not Found)', 'warning: [h3] Please prefer using `message` for longer error messages instead of `statusMessage`. In the future, `statusMessage` will be sanitized by default.'] err: [] failed: ['https://hm.baidu.com/hm.gif?hca=36927C1CBAB686D2&cc=1&ck=1&cl=24-bit&ds=390x844&vl=844&ep=970%2C970&et=3&ja=0&ln=en-us&lo=0&lt=1789968871&rnd=1474462188&si=46ab'] overflowX: False
- /category/nope 404 console: ['error: Failed to load resource: the server responded with a status of 404 (Not Found)', 'warning: [h3] Please prefer using `message` for longer error messages instead of `statusMessage`. In the future, `statusMessage` will be sanitized by default.'] err: [] failed: ['https://hm.baidu.com/hm.gif?hca=36927C1CBAB686D2&cc=1&ck=1&cl=24-bit&ds=390x844&vl=844&ep=1117%2C1117&et=3&ja=0&ln=en-us&lo=0&lt=1789968871&rnd=1787892489&si=46'] overflowX: False
- /nope 404 console: ['error: Failed to load resource: the server responded with a status of 404 (Not Found)', 'error: [NUXT_E1005]'] err: [] failed: ['https://hm.baidu.com/hm.gif?hca=36927C1CBAB686D2&cc=1&ck=1&cl=24-bit&ds=390x844&vl=844&ep=962%2C962&et=3&ja=0&ln=en-us&lo=0&lt=1789968871&rnd=1737467276&si=46ab'] overflowX: False
- /workflows/nope 404 console: ['error: Failed to load resource: the server responded with a status of 404 (Not Found)', 'warning: [h3] Please prefer using `message` for longer error messages instead of `statusMessage`. In the future, `statusMessage` will be sanitized by default.'] err: [] failed: ['https://hm.baidu.com/hm.gif?hca=36927C1CBAB686D2&cc=1&ck=1&cl=24-bit&ds=390x844&vl=844&ep=973%2C973&et=3&ja=0&ln=en-us&lo=0&lt=1789968871&rnd=1768499997&si=46ab'] overflowX: False
- /tools/json-format 200 console: [] err: [] failed: ['https://hm.baidu.com/hm.gif?hca=36927C1CBAB686D2&cc=1&ck=1&cl=24-bit&ds=390x844&vl=844&ep=967%2C967&et=3&ja=0&ln=en-us&lo=0&lt=1789968871&rnd=414072911&si=46ab2'] overflowX: False
- /tools/json-diff 200 console: [] err: [] failed: ['https://hm.baidu.com/hm.gif?hca=36927C1CBAB686D2&cc=1&ck=1&cl=24-bit&ds=390x844&vl=844&ep=963%2C963&et=3&ja=0&ln=en-us&lo=0&lt=1789968871&rnd=1664666441&si=46ab'] overflowX: False
- /tools/json-yaml 200 console: [] err: [] failed: ['https://hm.baidu.com/hm.gif?hca=36927C1CBAB686D2&cc=1&ck=1&cl=24-bit&ds=390x844&vl=844&ep=1020%2C1020&et=3&ja=0&ln=en-us&lo=0&lt=1789968871&rnd=249565810&si=46a'] overflowX: False
- /tools/csv-json 200 console: [] err: [] failed: ['https://hm.baidu.com/hm.gif?hca=36927C1CBAB686D2&cc=1&ck=1&cl=24-bit&ds=390x844&vl=844&ep=965%2C965&et=3&ja=0&ln=en-us&lo=0&lt=1789968871&rnd=10554069&si=46ab2b'] overflowX: False
- /tools/sql-format 200 console: [] err: [] failed: ['https://hm.baidu.com/hm.gif?hca=36927C1CBAB686D2&cc=1&ck=1&cl=24-bit&ds=390x844&vl=844&ep=963%2C963&et=3&ja=0&ln=en-us&lo=0&lt=1789968871&rnd=1318756749&si=46ab'] overflowX: False
- /tools/xml-toolbox 200 console: [] err: [] failed: ['https://hm.baidu.com/hm.gif?hca=36927C1CBAB686D2&cc=1&ck=1&cl=24-bit&ds=390x844&vl=844&ep=971%2C971&et=3&ja=0&ln=en-us&lo=0&lt=1789968871&rnd=550287035&si=46ab2'] overflowX: False
- /tools/jsonpath-query 200 console: [] err: [] failed: ['https://hm.baidu.com/hm.gif?hca=36927C1CBAB686D2&cc=1&ck=1&cl=24-bit&ds=390x844&vl=844&ep=957%2C957&et=3&ja=0&ln=en-us&lo=0&lt=1789968871&rnd=1218634128&si=46ab'] overflowX: False
- /tools/json-schema 200 console: [] err: [] failed: ['https://hm.baidu.com/hm.gif?hca=36927C1CBAB686D2&cc=1&ck=1&cl=24-bit&ds=390x844&vl=844&ep=971%2C971&et=3&ja=0&ln=en-us&lo=0&lt=1789968871&rnd=706569855&si=46ab2'] overflowX: False
- /tools/base64 200 console: [] err: [] failed: ['https://hm.baidu.com/hm.gif?hca=36927C1CBAB686D2&cc=1&ck=1&cl=24-bit&ds=390x844&vl=844&ep=955%2C955&et=3&ja=0&ln=en-us&lo=0&lt=1789968871&rnd=799534728&si=46ab2'] overflowX: False
- /tools/url-encode 200 console: [] err: [] failed: ['https://hm.baidu.com/hm.gif?hca=36927C1CBAB686D2&cc=1&ck=1&cl=24-bit&ds=390x844&vl=844&ep=946%2C946&et=3&ja=0&ln=en-us&lo=0&lt=1789968871&rnd=996985698&si=46ab2'] overflowX: False
- /tools/unicode-bytes 200 console: [] err: [] failed: ['https://hm.baidu.com/hm.gif?hca=36927C1CBAB686D2&cc=1&ck=1&cl=24-bit&ds=390x844&vl=844&ep=955%2C954&et=3&ja=0&ln=en-us&lo=0&lt=1789968871&rnd=1447919575&si=46ab'] overflowX: False
- /tools/text-dedup 200 console: [] err: [] failed: ['https://hm.baidu.com/hm.gif?hca=36927C1CBAB686D2&cc=1&ck=1&cl=24-bit&ds=390x844&vl=844&ep=973%2C973&et=3&ja=0&ln=en-us&lo=0&lt=1789968871&rnd=124952200&si=46ab2'] overflowX: False
- /tools/case-convert 200 console: [] err: [] failed: ['https://hm.baidu.com/hm.gif?hca=36927C1CBAB686D2&cc=1&ck=1&cl=24-bit&ds=390x844&vl=844&ep=955%2C955&et=3&ja=0&ln=en-us&lo=0&lt=1789968871&rnd=744897893&si=46ab2'] overflowX: False
- /tools/text-diff 200 console: [] err: [] failed: ['https://hm.baidu.com/hm.gif?hca=36927C1CBAB686D2&cc=1&ck=1&cl=24-bit&ds=390x844&vl=844&ep=1041%2C1041&et=3&ja=0&ln=en-us&lo=0&lt=1789968871&rnd=1927166529&si=46'] overflowX: False
- /tools/regex-test 200 console: [] err: [] failed: ['https://hm.baidu.com/hm.gif?hca=36927C1CBAB686D2&cc=1&ck=1&cl=24-bit&ds=390x844&vl=844&ep=974%2C974&et=3&ja=0&ln=en-us&lo=0&lt=1789968871&rnd=979811578&si=46ab2'] overflowX: False
- /tools/md5-sha 200 console: [] err: [] failed: ['https://hm.baidu.com/hm.gif?hca=36927C1CBAB686D2&cc=1&ck=1&cl=24-bit&ds=390x844&vl=844&ep=995%2C995&et=3&ja=0&ln=en-us&lo=0&lt=1789968871&rnd=1547949267&si=46ab'] overflowX: False
- /tools/hmac 200 console: [] err: [] failed: ['https://hm.baidu.com/hm.gif?hca=36927C1CBAB686D2&cc=1&ck=1&cl=24-bit&ds=390x844&vl=844&ep=959%2C959&et=3&ja=0&ln=en-us&lo=0&lt=1789968871&rnd=1850147916&si=46ab'] overflowX: False
- /tools/aes 200 console: [] err: [] failed: ['https://hm.baidu.com/hm.gif?hca=36927C1CBAB686D2&cc=1&ck=1&cl=24-bit&ds=390x844&vl=844&ep=956%2C956&et=3&ja=0&ln=en-us&lo=0&lt=1789968871&rnd=622040389&si=46ab2'] overflowX: False
- /tools/sm2 200 console: [] err: [] failed: ['https://hm.baidu.com/hm.gif?hca=36927C1CBAB686D2&cc=1&ck=1&cl=24-bit&ds=390x844&vl=844&ep=956%2C955&et=3&ja=0&ln=en-us&lo=0&lt=1789968871&rnd=287044299&si=46ab2'] overflowX: False
- /tools/sm3 200 console: [] err: [] failed: ['https://hm.baidu.com/hm.gif?hca=36927C1CBAB686D2&cc=1&ck=1&cl=24-bit&ds=390x844&vl=844&ep=955%2C955&et=3&ja=0&ln=en-us&lo=0&lt=1789968871&rnd=2005393709&si=46ab'] overflowX: False
- /tools/sm4 200 console: [] err: [] failed: ['https://hm.baidu.com/hm.gif?hca=36927C1CBAB686D2&cc=1&ck=1&cl=24-bit&ds=390x844&vl=844&ep=983%2C983&et=3&ja=0&ln=en-us&lo=0&lt=1789968871&rnd=1494100377&si=46ab'] overflowX: False
- /tools/timestamp 200 console: [] err: [] failed: ['https://hm.baidu.com/hm.gif?hca=36927C1CBAB686D2&cc=1&ck=1&cl=24-bit&ds=390x844&vl=844&ep=985%2C985&et=3&ja=0&ln=en-us&lo=0&lt=1789968871&rnd=597028696&si=46ab2'] overflowX: False
- /tools/uuid 200 console: [] err: [] failed: ['https://hm.baidu.com/hm.gif?hca=36927C1CBAB686D2&cc=1&ck=1&cl=24-bit&ds=390x844&vl=844&ep=967%2C967&et=3&ja=0&ln=en-us&lo=0&lt=1789968871&rnd=1703782355&si=46ab'] overflowX: False
- /tools/cron 200 console: [] err: [] failed: ['https://hm.baidu.com/hm.gif?hca=36927C1CBAB686D2&cc=1&ck=1&cl=24-bit&ds=390x844&vl=844&ep=951%2C951&et=3&ja=0&ln=en-us&lo=0&lt=1789968871&rnd=1344657159&si=46ab'] overflowX: False
- /tools/date-diff 200 console: [] err: [] failed: ['https://hm.baidu.com/hm.gif?hca=36927C1CBAB686D2&cc=1&ck=1&cl=24-bit&ds=390x844&vl=844&ep=968%2C968&et=3&ja=0&ln=en-us&lo=0&lt=1789968871&rnd=112363865&si=46ab2'] overflowX: False
- /tools/json2java 200 console: [] err: [] failed: ['https://hm.baidu.com/hm.gif?hca=36927C1CBAB686D2&cc=1&ck=1&cl=24-bit&ds=390x844&vl=844&ep=956%2C956&et=3&ja=0&ln=en-us&lo=0&lt=1789968871&rnd=1153306445&si=46ab'] overflowX: False
- /tools/java-escape 200 console: [] err: [] failed: ['https://hm.baidu.com/hm.gif?hca=36927C1CBAB686D2&cc=1&ck=1&cl=24-bit&ds=390x844&vl=844&ep=1035%2C1035&et=3&ja=0&ln=en-us&lo=0&lt=1789968871&rnd=1729200968&si=46'] overflowX: False
- /tools/properties-yaml 200 console: [] err: [] failed: ['https://hm.baidu.com/hm.gif?hca=36927C1CBAB686D2&cc=1&ck=1&cl=24-bit&ds=390x844&vl=844&ep=960%2C960&et=3&ja=0&ln=en-us&lo=0&lt=1789968871&rnd=312249640&si=46ab2'] overflowX: False
- /tools/stack-trace 200 console: [] err: [] failed: ['https://hm.baidu.com/hm.gif?hca=36927C1CBAB686D2&cc=1&ck=1&cl=24-bit&ds=390x844&vl=844&ep=970%2C970&et=3&ja=0&ln=en-us&lo=0&lt=1789968871&rnd=2030464079&si=46ab'] overflowX: False
- /tools/maven-gradle 200 console: [] err: [] failed: ['https://hm.baidu.com/hm.gif?hca=36927C1CBAB686D2&cc=1&ck=1&cl=24-bit&ds=390x844&vl=844&ep=1016%2C1016&et=3&ja=0&ln=en-us&lo=0&lt=1789968871&rnd=606318821&si=46a'] overflowX: False
- /tools/json2ts 200 console: [] err: [] failed: ['https://hm.baidu.com/hm.gif?hca=36927C1CBAB686D2&cc=1&ck=1&cl=24-bit&ds=390x844&vl=844&ep=966%2C966&et=3&ja=0&ln=en-us&lo=0&lt=1789968871&rnd=1355656552&si=46ab'] overflowX: False
- /tools/css-units 200 console: [] err: [] failed: ['https://hm.baidu.com/hm.gif?hca=36927C1CBAB686D2&cc=1&ck=1&cl=24-bit&ds=390x844&vl=844&ep=966%2C966&et=3&ja=0&ln=en-us&lo=0&lt=1789968871&rnd=1675141076&si=46ab'] overflowX: False
- /tools/color 200 console: [] err: [] failed: ['https://hm.baidu.com/hm.gif?hca=36927C1CBAB686D2&cc=1&ck=1&cl=24-bit&ds=390x844&vl=844&ep=955%2C955&et=3&ja=0&ln=en-us&lo=0&lt=1789968871&rnd=227724527&si=46ab2'] overflowX: False
- /tools/svg 200 console: [] err: [] failed: ['https://hm.baidu.com/hm.gif?hca=36927C1CBAB686D2&cc=1&ck=1&cl=24-bit&ds=390x844&vl=844&ep=969%2C969&et=3&ja=0&ln=en-us&lo=0&lt=1789968871&rnd=626656481&si=46ab2'] overflowX: False
- /tools/html-format 200 console: [] err: [] failed: ['https://hm.baidu.com/hm.gif?hca=36927C1CBAB686D2&cc=1&ck=1&cl=24-bit&ds=390x844&vl=844&ep=956%2C955&et=3&ja=0&ln=en-us&lo=0&lt=1789968871&rnd=1176850594&si=46ab'] overflowX: False
- /tools/jwt 200 console: [] err: [] failed: ['https://hm.baidu.com/hm.gif?hca=36927C1CBAB686D2&cc=1&ck=1&cl=24-bit&ds=390x844&vl=844&ep=959%2C959&et=3&ja=0&ln=en-us&lo=0&lt=1789968871&rnd=1263037320&si=46ab'] overflowX: False
- /tools/url-params 200 console: [] err: [] failed: ['https://hm.baidu.com/hm.gif?hca=36927C1CBAB686D2&cc=1&ck=1&cl=24-bit&ds=390x844&vl=844&ep=979%2C979&et=3&ja=0&ln=en-us&lo=0&lt=1789968871&rnd=100121706&si=46ab2'] overflowX: False
- /tools/curl-convert 200 console: [] err: [] failed: ['https://hm.baidu.com/hm.gif?hca=36927C1CBAB686D2&cc=1&ck=1&cl=24-bit&ds=390x844&vl=844&ep=951%2C951&et=3&ja=0&ln=en-us&lo=0&lt=1789968871&rnd=1668715912&si=46ab'] overflowX: False
- /tools/http-status 200 console: [] err: [] failed: ['https://hm.baidu.com/hm.gif?hca=36927C1CBAB686D2&cc=1&ck=1&cl=24-bit&ds=390x844&vl=844&ep=952%2C952&et=3&ja=0&ln=en-us&lo=0&lt=1789968871&rnd=121014800&si=46ab2'] overflowX: False
- /tools/file-digest 200 console: [] err: [] failed: ['https://hm.baidu.com/hm.gif?hca=36927C1CBAB686D2&cc=1&ck=1&cl=24-bit&ds=390x844&vl=844&ep=954%2C954&et=3&ja=0&ln=en-us&lo=0&lt=1789968871&rnd=1711861270&si=46ab'] overflowX: False
- /tools/image-compress 200 console: [] err: [] failed: ['https://hm.baidu.com/hm.gif?hca=36927C1CBAB686D2&cc=1&ck=1&cl=24-bit&ds=390x844&vl=844&ep=960%2C960&et=3&ja=0&ln=en-us&lo=0&lt=1789968871&rnd=831532201&si=46ab2'] overflowX: False
- /tools/qrcode 200 console: [] err: [] failed: ['https://hm.baidu.com/hm.gif?hca=36927C1CBAB686D2&cc=1&ck=1&cl=24-bit&ds=390x844&vl=844&ep=957%2C957&et=3&ja=0&ln=en-us&lo=0&lt=1789968871&rnd=531563257&si=46ab2'] overflowX: False
- /tools/text-encoding 200 console: [] err: [] failed: ['https://hm.baidu.com/hm.gif?hca=36927C1CBAB686D2&cc=1&ck=1&cl=24-bit&ds=390x844&vl=844&ep=950%2C950&et=3&ja=0&ln=en-us&lo=0&lt=1789968871&rnd=1047813554&si=46ab'] overflowX: False
- /tools/file-base64 200 console: [] err: [] failed: ['https://hm.baidu.com/hm.gif?hca=36927C1CBAB686D2&cc=1&ck=1&cl=24-bit&ds=390x844&vl=844&ep=948%2C948&et=3&ja=0&ln=en-us&lo=0&lt=1789968871&rnd=831260398&si=46ab2'] overflowX: False
- /category/format 200 console: [] err: [] failed: ['https://hm.baidu.com/hm.gif?hca=36927C1CBAB686D2&cc=1&ck=1&cl=24-bit&ds=390x844&vl=844&ep=956%2C956&et=3&ja=0&ln=en-us&lo=0&lt=1789968871&rnd=78305057&si=46ab2b'] overflowX: False
- /category/text 200 console: [] err: [] failed: ['https://hm.baidu.com/hm.gif?hca=36927C1CBAB686D2&cc=1&ck=1&cl=24-bit&ds=390x844&vl=844&ep=964%2C964&et=3&ja=0&ln=en-us&lo=0&lt=1789968871&rnd=1683105313&si=46ab'] overflowX: False
- /category/crypto 200 console: [] err: [] failed: ['https://hm.baidu.com/hm.gif?hca=36927C1CBAB686D2&cc=1&ck=1&cl=24-bit&ds=390x844&vl=844&ep=969%2C969&et=3&ja=0&ln=en-us&lo=0&lt=1789968871&rnd=1306354119&si=46ab'] overflowX: False
- /category/time 200 console: [] err: [] failed: ['https://hm.baidu.com/hm.gif?hca=36927C1CBAB686D2&cc=1&ck=1&cl=24-bit&ds=390x844&vl=844&ep=989%2C989&et=3&ja=0&ln=en-us&lo=0&lt=1789968871&rnd=282303232&si=46ab2'] overflowX: False
- /category/java 200 console: [] err: [] failed: ['https://hm.baidu.com/hm.gif?hca=36927C1CBAB686D2&cc=1&ck=1&cl=24-bit&ds=390x844&vl=844&ep=972%2C972&et=3&ja=0&ln=en-us&lo=0&lt=1789968871&rnd=165728454&si=46ab2'] overflowX: False
- /category/web 200 console: [] err: [] failed: ['https://hm.baidu.com/hm.gif?hca=36927C1CBAB686D2&cc=1&ck=1&cl=24-bit&ds=390x844&vl=844&ep=974%2C974&et=3&ja=0&ln=en-us&lo=0&lt=1789968871&rnd=626835523&si=46ab2'] overflowX: False
- /category/api 200 console: [] err: [] failed: ['https://hm.baidu.com/hm.gif?hca=36927C1CBAB686D2&cc=1&ck=1&cl=24-bit&ds=390x844&vl=844&ep=956%2C956&et=3&ja=0&ln=en-us&lo=0&lt=1789968871&rnd=1762882385&si=46ab'] overflowX: False
- /category/file 200 console: [] err: [] failed: ['https://hm.baidu.com/hm.gif?hca=36927C1CBAB686D2&cc=1&ck=1&cl=24-bit&ds=390x844&vl=844&ep=952%2C952&et=3&ja=0&ln=en-us&lo=0&lt=1789968871&rnd=1039707778&si=46ab'] overflowX: False
