routes: 59 flagged: 53 -> /Users/hao/WebstormProjects/web_tools/audit/raw/crawl_1440_light.json
- / 503 console: ['error: Failed to load resource: the server responded with a status of 503 (Service Unavailable)', 'error: Failed to load resource: the server responded with a status of 503 (Service Unavailable)'] err: [] failed: [] overflowX: False
- /tools/does-not-exist 404 console: ['error: Failed to load resource: the server responded with a status of 404 (Not Found)', 'warning: An iframe which has both allow-scripts and allow-same-origin for its sandbox attribute can escape its sandboxing.'] err: [] failed: [] overflowX: False
- /category/nope 404 console: ['error: Failed to load resource: the server responded with a status of 404 (Not Found)', 'warning: An iframe which has both allow-scripts and allow-same-origin for its sandbox attribute can escape its sandboxing.'] err: [] failed: [] overflowX: False
- /nope EXC console: [] err: ['Page.goto: net::ERR_CONNECTION_REFUSED at http://localhost:3000/nope\nCall log:\n  - navigating to "http://localhost:3000/nope", waiting until "networkidle"\n'] failed: ['http://localhost:3000/nope'] overflowX: None
- /tools/json-format EXC console: [] err: ['Page.goto: net::ERR_CONNECTION_REFUSED at http://localhost:3000/tools/json-format\nCall log:\n  - navigating to "http://localhost:3000/tools/json-format", waiting until "networkidle"\n'] failed: ['http://localhost:3000/tools/json-format'] overflowX: None
- /tools/json-diff EXC console: [] err: ['Page.goto: net::ERR_CONNECTION_REFUSED at http://localhost:3000/tools/json-diff\nCall log:\n  - navigating to "http://localhost:3000/tools/json-diff", waiting until "networkidle"\n'] failed: ['http://localhost:3000/tools/json-diff'] overflowX: None
- /tools/json-yaml EXC console: [] err: ['Page.goto: net::ERR_CONNECTION_REFUSED at http://localhost:3000/tools/json-yaml\nCall log:\n  - navigating to "http://localhost:3000/tools/json-yaml", waiting until "networkidle"\n'] failed: ['http://localhost:3000/tools/json-yaml'] overflowX: None
- /tools/csv-json EXC console: [] err: ['Page.goto: net::ERR_CONNECTION_REFUSED at http://localhost:3000/tools/csv-json\nCall log:\n  - navigating to "http://localhost:3000/tools/csv-json", waiting until "networkidle"\n'] failed: ['http://localhost:3000/tools/csv-json'] overflowX: None
- /tools/base64 EXC console: [] err: ['Page.goto: net::ERR_CONNECTION_REFUSED at http://localhost:3000/tools/base64\nCall log:\n  - navigating to "http://localhost:3000/tools/base64", waiting until "networkidle"\n'] failed: ['http://localhost:3000/tools/base64'] overflowX: None
- /tools/url-encode EXC console: [] err: ['Page.goto: net::ERR_CONNECTION_REFUSED at http://localhost:3000/tools/url-encode\nCall log:\n  - navigating to "http://localhost:3000/tools/url-encode", waiting until "networkidle"\n'] failed: ['http://localhost:3000/tools/url-encode'] overflowX: None
- /tools/unicode-bytes EXC console: [] err: ['Page.goto: net::ERR_CONNECTION_REFUSED at http://localhost:3000/tools/unicode-bytes\nCall log:\n  - navigating to "http://localhost:3000/tools/unicode-bytes", waiting until "networkidle"\n'] failed: ['http://localhost:3000/tools/unicode-bytes'] overflowX: None
- /tools/text-dedup EXC console: [] err: ['Page.goto: net::ERR_CONNECTION_REFUSED at http://localhost:3000/tools/text-dedup\nCall log:\n  - navigating to "http://localhost:3000/tools/text-dedup", waiting until "networkidle"\n'] failed: ['http://localhost:3000/tools/text-dedup'] overflowX: None
- /tools/case-convert EXC console: [] err: ['Page.goto: net::ERR_CONNECTION_REFUSED at http://localhost:3000/tools/case-convert\nCall log:\n  - navigating to "http://localhost:3000/tools/case-convert", waiting until "networkidle"\n'] failed: ['http://localhost:3000/tools/case-convert'] overflowX: None
- /tools/text-diff EXC console: [] err: ['Page.goto: net::ERR_CONNECTION_REFUSED at http://localhost:3000/tools/text-diff\nCall log:\n  - navigating to "http://localhost:3000/tools/text-diff", waiting until "networkidle"\n'] failed: ['http://localhost:3000/tools/text-diff'] overflowX: None
- /tools/regex-test EXC console: [] err: ['Page.goto: net::ERR_CONNECTION_REFUSED at http://localhost:3000/tools/regex-test\nCall log:\n  - navigating to "http://localhost:3000/tools/regex-test", waiting until "networkidle"\n'] failed: ['http://localhost:3000/tools/regex-test'] overflowX: None
- /tools/md5-sha EXC console: [] err: ['Page.goto: net::ERR_CONNECTION_REFUSED at http://localhost:3000/tools/md5-sha\nCall log:\n  - navigating to "http://localhost:3000/tools/md5-sha", waiting until "networkidle"\n'] failed: ['http://localhost:3000/tools/md5-sha'] overflowX: None
- /tools/hmac EXC console: [] err: ['Page.goto: net::ERR_CONNECTION_REFUSED at http://localhost:3000/tools/hmac\nCall log:\n  - navigating to "http://localhost:3000/tools/hmac", waiting until "networkidle"\n'] failed: ['http://localhost:3000/tools/hmac'] overflowX: None
- /tools/aes EXC console: [] err: ['Page.goto: net::ERR_CONNECTION_REFUSED at http://localhost:3000/tools/aes\nCall log:\n  - navigating to "http://localhost:3000/tools/aes", waiting until "networkidle"\n'] failed: ['http://localhost:3000/tools/aes'] overflowX: None
- /tools/sm2 EXC console: [] err: ['Page.goto: net::ERR_CONNECTION_REFUSED at http://localhost:3000/tools/sm2\nCall log:\n  - navigating to "http://localhost:3000/tools/sm2", waiting until "networkidle"\n'] failed: ['http://localhost:3000/tools/sm2'] overflowX: None
- /tools/sm3 EXC console: [] err: ['Page.goto: net::ERR_CONNECTION_REFUSED at http://localhost:3000/tools/sm3\nCall log:\n  - navigating to "http://localhost:3000/tools/sm3", waiting until "networkidle"\n'] failed: ['http://localhost:3000/tools/sm3'] overflowX: None
- /tools/sm4 EXC console: [] err: ['Page.goto: net::ERR_CONNECTION_REFUSED at http://localhost:3000/tools/sm4\nCall log:\n  - navigating to "http://localhost:3000/tools/sm4", waiting until "networkidle"\n'] failed: ['http://localhost:3000/tools/sm4'] overflowX: None
- /tools/timestamp EXC console: [] err: ['Page.goto: net::ERR_CONNECTION_REFUSED at http://localhost:3000/tools/timestamp\nCall log:\n  - navigating to "http://localhost:3000/tools/timestamp", waiting until "networkidle"\n'] failed: ['http://localhost:3000/tools/timestamp'] overflowX: None
- /tools/uuid EXC console: [] err: ['Page.goto: net::ERR_CONNECTION_REFUSED at http://localhost:3000/tools/uuid\nCall log:\n  - navigating to "http://localhost:3000/tools/uuid", waiting until "networkidle"\n'] failed: ['http://localhost:3000/tools/uuid'] overflowX: None
- /tools/cron EXC console: [] err: ['Page.goto: net::ERR_CONNECTION_REFUSED at http://localhost:3000/tools/cron\nCall log:\n  - navigating to "http://localhost:3000/tools/cron", waiting until "networkidle"\n'] failed: ['http://localhost:3000/tools/cron'] overflowX: None
- /tools/date-diff EXC console: [] err: ['Page.goto: net::ERR_CONNECTION_REFUSED at http://localhost:3000/tools/date-diff\nCall log:\n  - navigating to "http://localhost:3000/tools/date-diff", waiting until "networkidle"\n'] failed: ['http://localhost:3000/tools/date-diff'] overflowX: None
- /tools/json2java EXC console: [] err: ['Page.goto: net::ERR_CONNECTION_REFUSED at http://localhost:3000/tools/json2java\nCall log:\n  - navigating to "http://localhost:3000/tools/json2java", waiting until "networkidle"\n'] failed: ['http://localhost:3000/tools/json2java'] overflowX: None
- /tools/java-escape EXC console: [] err: ['Page.goto: net::ERR_CONNECTION_REFUSED at http://localhost:3000/tools/java-escape\nCall log:\n  - navigating to "http://localhost:3000/tools/java-escape", waiting until "networkidle"\n'] failed: ['http://localhost:3000/tools/java-escape'] overflowX: None
- /tools/properties-yaml EXC console: [] err: ['Page.goto: net::ERR_CONNECTION_REFUSED at http://localhost:3000/tools/properties-yaml\nCall log:\n  - navigating to "http://localhost:3000/tools/properties-yaml", waiting until "networkidle"\n'] failed: ['http://localhost:3000/tools/properties-yaml'] overflowX: None
- /tools/stack-trace EXC console: [] err: ['Page.goto: net::ERR_CONNECTION_REFUSED at http://localhost:3000/tools/stack-trace\nCall log:\n  - navigating to "http://localhost:3000/tools/stack-trace", waiting until "networkidle"\n'] failed: ['http://localhost:3000/tools/stack-trace'] overflowX: None
- /tools/maven-gradle EXC console: [] err: ['Page.goto: net::ERR_CONNECTION_REFUSED at http://localhost:3000/tools/maven-gradle\nCall log:\n  - navigating to "http://localhost:3000/tools/maven-gradle", waiting until "networkidle"\n'] failed: ['http://localhost:3000/tools/maven-gradle'] overflowX: None
- /tools/json2ts EXC console: [] err: ['Page.goto: net::ERR_CONNECTION_REFUSED at http://localhost:3000/tools/json2ts\nCall log:\n  - navigating to "http://localhost:3000/tools/json2ts", waiting until "networkidle"\n'] failed: ['http://localhost:3000/tools/json2ts'] overflowX: None
- /tools/vue-sfc EXC console: [] err: ['Page.goto: net::ERR_CONNECTION_REFUSED at http://localhost:3000/tools/vue-sfc\nCall log:\n  - navigating to "http://localhost:3000/tools/vue-sfc", waiting until "networkidle"\n'] failed: ['http://localhost:3000/tools/vue-sfc'] overflowX: None
- /tools/css-units EXC console: [] err: ['Page.goto: net::ERR_CONNECTION_REFUSED at http://localhost:3000/tools/css-units\nCall log:\n  - navigating to "http://localhost:3000/tools/css-units", waiting until "networkidle"\n'] failed: ['http://localhost:3000/tools/css-units'] overflowX: None
- /tools/color EXC console: [] err: ['Page.goto: net::ERR_CONNECTION_REFUSED at http://localhost:3000/tools/color\nCall log:\n  - navigating to "http://localhost:3000/tools/color", waiting until "networkidle"\n'] failed: ['http://localhost:3000/tools/color'] overflowX: None
- /tools/svg EXC console: [] err: ['Page.goto: net::ERR_CONNECTION_REFUSED at http://localhost:3000/tools/svg\nCall log:\n  - navigating to "http://localhost:3000/tools/svg", waiting until "networkidle"\n'] failed: ['http://localhost:3000/tools/svg'] overflowX: None
- /tools/html-format EXC console: [] err: ['Page.goto: net::ERR_CONNECTION_REFUSED at http://localhost:3000/tools/html-format\nCall log:\n  - navigating to "http://localhost:3000/tools/html-format", waiting until "networkidle"\n'] failed: ['http://localhost:3000/tools/html-format'] overflowX: None
- /tools/jwt EXC console: [] err: ['Page.goto: net::ERR_CONNECTION_REFUSED at http://localhost:3000/tools/jwt\nCall log:\n  - navigating to "http://localhost:3000/tools/jwt", waiting until "networkidle"\n'] failed: ['http://localhost:3000/tools/jwt'] overflowX: None
- /tools/url-params EXC console: [] err: ['Page.goto: net::ERR_CONNECTION_REFUSED at http://localhost:3000/tools/url-params\nCall log:\n  - navigating to "http://localhost:3000/tools/url-params", waiting until "networkidle"\n'] failed: ['http://localhost:3000/tools/url-params'] overflowX: None
- /tools/curl-convert EXC console: [] err: ['Page.goto: net::ERR_CONNECTION_REFUSED at http://localhost:3000/tools/curl-convert\nCall log:\n  - navigating to "http://localhost:3000/tools/curl-convert", waiting until "networkidle"\n'] failed: ['http://localhost:3000/tools/curl-convert'] overflowX: None
- /tools/http-status EXC console: [] err: ['Page.goto: net::ERR_CONNECTION_REFUSED at http://localhost:3000/tools/http-status\nCall log:\n  - navigating to "http://localhost:3000/tools/http-status", waiting until "networkidle"\n'] failed: ['http://localhost:3000/tools/http-status'] overflowX: None
- /tools/file-digest EXC console: [] err: ['Page.goto: net::ERR_CONNECTION_REFUSED at http://localhost:3000/tools/file-digest\nCall log:\n  - navigating to "http://localhost:3000/tools/file-digest", waiting until "networkidle"\n'] failed: ['http://localhost:3000/tools/file-digest'] overflowX: None
- /tools/image-compress EXC console: [] err: ['Page.goto: net::ERR_CONNECTION_REFUSED at http://localhost:3000/tools/image-compress\nCall log:\n  - navigating to "http://localhost:3000/tools/image-compress", waiting until "networkidle"\n'] failed: ['http://localhost:3000/tools/image-compress'] overflowX: None
- /tools/qrcode EXC console: [] err: ['Page.goto: net::ERR_CONNECTION_REFUSED at http://localhost:3000/tools/qrcode\nCall log:\n  - navigating to "http://localhost:3000/tools/qrcode", waiting until "networkidle"\n'] failed: ['http://localhost:3000/tools/qrcode'] overflowX: None
- /tools/text-encoding EXC console: [] err: ['Page.goto: net::ERR_CONNECTION_REFUSED at http://localhost:3000/tools/text-encoding\nCall log:\n  - navigating to "http://localhost:3000/tools/text-encoding", waiting until "networkidle"\n'] failed: ['http://localhost:3000/tools/text-encoding'] overflowX: None
- /tools/file-base64 EXC console: [] err: ['Page.goto: net::ERR_CONNECTION_REFUSED at http://localhost:3000/tools/file-base64\nCall log:\n  - navigating to "http://localhost:3000/tools/file-base64", waiting until "networkidle"\n'] failed: ['http://localhost:3000/tools/file-base64'] overflowX: None
- /category/format EXC console: [] err: ['Page.goto: net::ERR_CONNECTION_REFUSED at http://localhost:3000/category/format\nCall log:\n  - navigating to "http://localhost:3000/category/format", waiting until "networkidle"\n'] failed: ['http://localhost:3000/category/format'] overflowX: None
- /category/text EXC console: [] err: ['Page.goto: net::ERR_CONNECTION_REFUSED at http://localhost:3000/category/text\nCall log:\n  - navigating to "http://localhost:3000/category/text", waiting until "networkidle"\n'] failed: ['http://localhost:3000/category/text'] overflowX: None
- /category/crypto EXC console: [] err: ['Page.goto: net::ERR_CONNECTION_REFUSED at http://localhost:3000/category/crypto\nCall log:\n  - navigating to "http://localhost:3000/category/crypto", waiting until "networkidle"\n'] failed: ['http://localhost:3000/category/crypto'] overflowX: None
- /category/time EXC console: [] err: ['Page.goto: net::ERR_CONNECTION_REFUSED at http://localhost:3000/category/time\nCall log:\n  - navigating to "http://localhost:3000/category/time", waiting until "networkidle"\n'] failed: ['http://localhost:3000/category/time'] overflowX: None
- /category/java EXC console: [] err: ['Page.goto: net::ERR_CONNECTION_REFUSED at http://localhost:3000/category/java\nCall log:\n  - navigating to "http://localhost:3000/category/java", waiting until "networkidle"\n'] failed: ['http://localhost:3000/category/java'] overflowX: None
- /category/web EXC console: [] err: ['Page.goto: net::ERR_CONNECTION_REFUSED at http://localhost:3000/category/web\nCall log:\n  - navigating to "http://localhost:3000/category/web", waiting until "networkidle"\n'] failed: ['http://localhost:3000/category/web'] overflowX: None
- /category/api EXC console: [] err: ['Page.goto: net::ERR_CONNECTION_REFUSED at http://localhost:3000/category/api\nCall log:\n  - navigating to "http://localhost:3000/category/api", waiting until "networkidle"\n'] failed: ['http://localhost:3000/category/api'] overflowX: None
- /category/file EXC console: [] err: ['Page.goto: net::ERR_CONNECTION_REFUSED at http://localhost:3000/category/file\nCall log:\n  - navigating to "http://localhost:3000/category/file", waiting until "networkidle"\n'] failed: ['http://localhost:3000/category/file'] overflowX: None
